=== Thu Apr 17 02:13:42 UTC 2025: Memory Status ===
               total        used        free      shared  buff/cache   available
Mem:            31Gi       1.7Gi       9.5Gi        13Mi        19Gi        29Gi
Swap:          8.0Gi        34Mi       8.0Gi
622 MiB, 15429 MiB
=== Thu Apr 17 02:13:52 UTC 2025: Memory Status ===
               total        used        free      shared  buff/cache   available
Mem:            31Gi       3.2Gi       7.7Gi       137Mi        20Gi        27Gi
Swap:          8.0Gi        34Mi       8.0Gi
876 MiB, 15175 MiB
=== Thu Apr 17 02:14:02 UTC 2025: Memory Status ===
               total        used        free      shared  buff/cache   available
Mem:            31Gi       3.3Gi       7.0Gi       138Mi        20Gi        27Gi
Swap:          8.0Gi        34Mi       8.0Gi
890 MiB, 15161 MiB
=== Thu Apr 17 02:14:12 UTC 2025: Memory Status ===
               total        used        free      shared  buff/cache   available
Mem:            31Gi       3.3Gi       6.3Gi       138Mi        21Gi        27Gi
Swap:          8.0Gi        34Mi       8.0Gi
883 MiB, 15168 MiB
=== Thu Apr 17 02:14:22 UTC 2025: Memory Status ===
               total        used        free      shared  buff/cache   available
Mem:            31Gi       3.3Gi       5.6Gi       138Mi        22Gi        27Gi
Swap:          8.0Gi        34Mi       8.0Gi
880 MiB, 15171 MiB
=== Thu Apr 17 02:14:32 UTC 2025: Memory Status ===
               total        used        free      shared  buff/cache   available
Mem:            31Gi       3.3Gi       4.9Gi       138Mi        23Gi        27Gi
Swap:          8.0Gi        34Mi       8.0Gi
872 MiB, 15179 MiB
=== Thu Apr 17 02:14:42 UTC 2025: Memory Status ===
               total        used        free      shared  buff/cache   available
Mem:            31Gi       3.3Gi       4.1Gi       138Mi        23Gi        27Gi
Swap:          8.0Gi        34Mi       8.0Gi
862 MiB, 15189 MiB
=== Thu Apr 17 02:14:52 UTC 2025: Memory Status ===
               total        used        free      shared  buff/cache   available
Mem:            31Gi       3.3Gi       3.4Gi       138Mi        24Gi        27Gi
Swap:          8.0Gi        34Mi       8.0Gi
881 MiB, 15170 MiB
=== Thu Apr 17 02:15:02 UTC 2025: Memory Status ===
               total        used        free      shared  buff/cache   available
Mem:            31Gi       3.4Gi       2.6Gi       138Mi        25Gi        27Gi
Swap:          8.0Gi        34Mi       8.0Gi
857 MiB, 15194 MiB
=== Thu Apr 17 02:15:12 UTC 2025: Memory Status ===
               total        used        free      shared  buff/cache   available
Mem:            31Gi       3.4Gi       1.9Gi       138Mi        25Gi        27Gi
Swap:          8.0Gi        34Mi       8.0Gi
885 MiB, 15166 MiB
=== Thu Apr 17 02:15:22 UTC 2025: Memory Status ===
               total        used        free      shared  buff/cache   available
Mem:            31Gi       4.1Gi       1.1Gi       146Mi        26Gi        26Gi
Swap:          8.0Gi        34Mi       8.0Gi
6754 MiB, 9297 MiB
=== Thu Apr 17 02:15:32 UTC 2025: Memory Status ===
               total        used        free      shared  buff/cache   available
Mem:            31Gi       4.1Gi       1.1Gi       146Mi        26Gi        26Gi
Swap:          8.0Gi        34Mi       8.0Gi
6751 MiB, 9300 MiB
=== Thu Apr 17 02:15:42 UTC 2025: Memory Status ===
               total        used        free      shared  buff/cache   available
Mem:            31Gi       4.1Gi       1.1Gi       146Mi        26Gi        26Gi
Swap:          8.0Gi        34Mi       8.0Gi
6770 MiB, 9281 MiB
=== Thu Apr 17 02:15:52 UTC 2025: Memory Status ===
               total        used        free      shared  buff/cache   available
Mem:            31Gi       4.1Gi       1.1Gi       146Mi        26Gi        26Gi
Swap:          8.0Gi        34Mi       8.0Gi
6788 MiB, 9263 MiB
=== Thu Apr 17 02:16:02 UTC 2025: Memory Status ===
               total        used        free      shared  buff/cache   available
Mem:            31Gi       4.1Gi       1.1Gi       146Mi        26Gi        26Gi
Swap:          8.0Gi        34Mi       8.0Gi
6766 MiB, 9285 MiB
=== Thu Apr 17 02:16:12 UTC 2025: Memory Status ===
               total        used        free      shared  buff/cache   available
Mem:            31Gi       4.1Gi       1.1Gi       146Mi        26Gi        26Gi
Swap:          8.0Gi        34Mi       8.0Gi
6783 MiB, 9268 MiB
=== Thu Apr 17 02:16:22 UTC 2025: Memory Status ===
               total        used        free      shared  buff/cache   available
Mem:            31Gi       4.1Gi       1.1Gi       146Mi        26Gi        26Gi
Swap:          8.0Gi        34Mi       8.0Gi
6776 MiB, 9275 MiB
=== Thu Apr 17 02:16:32 UTC 2025: Memory Status ===
               total        used        free      shared  buff/cache   available
Mem:            31Gi       4.1Gi       1.1Gi       146Mi        26Gi        26Gi
Swap:          8.0Gi        34Mi       8.0Gi
6760 MiB, 9291 MiB
=== Thu Apr 17 02:16:42 UTC 2025: Memory Status ===
               total        used        free      shared  buff/cache   available
Mem:            31Gi       4.1Gi       1.1Gi       146Mi        26Gi        26Gi
Swap:          8.0Gi        34Mi       8.0Gi
6816 MiB, 9235 MiB
=== Thu Apr 17 02:16:52 UTC 2025: Memory Status ===
               total        used        free      shared  buff/cache   available
Mem:            31Gi       4.1Gi       1.1Gi       146Mi        26Gi        26Gi
Swap:          8.0Gi        34Mi       8.0Gi
6796 MiB, 9255 MiB
=== Thu Apr 17 02:17:02 UTC 2025: Memory Status ===
               total        used        free      shared  buff/cache   available
Mem:            31Gi       4.1Gi       1.1Gi       146Mi        26Gi        26Gi
Swap:          8.0Gi        34Mi       8.0Gi
6783 MiB, 9268 MiB
=== Thu Apr 17 02:17:12 UTC 2025: Memory Status ===
               total        used        free      shared  buff/cache   available
Mem:            31Gi       4.1Gi       1.1Gi       146Mi        26Gi        26Gi
Swap:          8.0Gi        34Mi       8.0Gi
6780 MiB, 9271 MiB
=== Thu Apr 17 02:17:22 UTC 2025: Memory Status ===
               total        used        free      shared  buff/cache   available
Mem:            31Gi       4.1Gi       1.1Gi       146Mi        26Gi        26Gi
Swap:          8.0Gi        34Mi       8.0Gi
6793 MiB, 9258 MiB
=== Thu Apr 17 02:17:32 UTC 2025: Memory Status ===
               total        used        free      shared  buff/cache   available
Mem:            31Gi       4.1Gi       1.1Gi       146Mi        26Gi        26Gi
Swap:          8.0Gi        34Mi       8.0Gi
6806 MiB, 9245 MiB
=== Thu Apr 17 02:17:42 UTC 2025: Memory Status ===
               total        used        free      shared  buff/cache   available
Mem:            31Gi       4.1Gi       1.1Gi       146Mi        26Gi        26Gi
Swap:          8.0Gi        34Mi       8.0Gi
6814 MiB, 9237 MiB
=== Thu Apr 17 02:17:52 UTC 2025: Memory Status ===
               total        used        free      shared  buff/cache   available
Mem:            31Gi       4.1Gi       1.1Gi       146Mi        26Gi        26Gi
Swap:          8.0Gi        34Mi       8.0Gi
6813 MiB, 9238 MiB
=== Thu Apr 17 02:18:02 UTC 2025: Memory Status ===
               total        used        free      shared  buff/cache   available
Mem:            31Gi       4.1Gi       1.1Gi       146Mi        26Gi        26Gi
Swap:          8.0Gi        34Mi       8.0Gi
6815 MiB, 9236 MiB
=== Thu Apr 17 02:18:13 UTC 2025: Memory Status ===
               total        used        free      shared  buff/cache   available
Mem:            31Gi       4.1Gi       1.1Gi       146Mi        26Gi        26Gi
Swap:          8.0Gi        34Mi       8.0Gi
6799 MiB, 9252 MiB
=== Thu Apr 17 02:18:23 UTC 2025: Memory Status ===
               total        used        free      shared  buff/cache   available
Mem:            31Gi       4.1Gi       1.1Gi       146Mi        26Gi        26Gi
Swap:          8.0Gi        34Mi       8.0Gi
6817 MiB, 9234 MiB
=== Thu Apr 17 02:18:33 UTC 2025: Memory Status ===
               total        used        free      shared  buff/cache   available
Mem:            31Gi       4.1Gi       1.1Gi       146Mi        26Gi        26Gi
Swap:          8.0Gi        34Mi       8.0Gi
6810 MiB, 9241 MiB
=== Thu Apr 17 02:18:43 UTC 2025: Memory Status ===
               total        used        free      shared  buff/cache   available
Mem:            31Gi       4.1Gi       1.1Gi       146Mi        26Gi        26Gi
Swap:          8.0Gi        34Mi       8.0Gi
6823 MiB, 9228 MiB
=== Thu Apr 17 02:18:53 UTC 2025: Memory Status ===
               total        used        free      shared  buff/cache   available
Mem:            31Gi       4.1Gi       1.1Gi       146Mi        26Gi        26Gi
Swap:          8.0Gi        34Mi       8.0Gi
6810 MiB, 9241 MiB
=== Thu Apr 17 02:19:03 UTC 2025: Memory Status ===
               total        used        free      shared  buff/cache   available
Mem:            31Gi       4.1Gi       1.1Gi       146Mi        26Gi        26Gi
Swap:          8.0Gi        34Mi       8.0Gi
6812 MiB, 9239 MiB
=== Thu Apr 17 02:19:13 UTC 2025: Memory Status ===
               total        used        free      shared  buff/cache   available
Mem:            31Gi       4.1Gi       1.1Gi       146Mi        26Gi        26Gi
Swap:          8.0Gi        34Mi       8.0Gi
6809 MiB, 9242 MiB
=== Thu Apr 17 02:19:23 UTC 2025: Memory Status ===
               total        used        free      shared  buff/cache   available
Mem:            31Gi       4.1Gi       1.1Gi       146Mi        26Gi        26Gi
Swap:          8.0Gi        34Mi       8.0Gi
6805 MiB, 9246 MiB
=== Thu Apr 17 02:19:33 UTC 2025: Memory Status ===
               total        used        free      shared  buff/cache   available
Mem:            31Gi       4.1Gi       1.1Gi       146Mi        26Gi        26Gi
Swap:          8.0Gi        34Mi       8.0Gi
6816 MiB, 9235 MiB
=== Thu Apr 17 02:19:43 UTC 2025: Memory Status ===
               total        used        free      shared  buff/cache   available
Mem:            31Gi       4.1Gi       1.1Gi       146Mi        26Gi        26Gi
Swap:          8.0Gi        34Mi       8.0Gi
6821 MiB, 9230 MiB
=== Thu Apr 17 02:19:53 UTC 2025: Memory Status ===
               total        used        free      shared  buff/cache   available
Mem:            31Gi       4.1Gi       1.1Gi       146Mi        26Gi        26Gi
Swap:          8.0Gi        34Mi       8.0Gi
6791 MiB, 9260 MiB
=== Thu Apr 17 02:20:03 UTC 2025: Memory Status ===
               total        used        free      shared  buff/cache   available
Mem:            31Gi       4.1Gi       1.1Gi       146Mi        26Gi        26Gi
Swap:          8.0Gi        34Mi       8.0Gi
6787 MiB, 9264 MiB
=== Thu Apr 17 02:20:13 UTC 2025: Memory Status ===
               total        used        free      shared  buff/cache   available
Mem:            31Gi       4.1Gi       1.1Gi       146Mi        26Gi        26Gi
Swap:          8.0Gi        34Mi       8.0Gi
6783 MiB, 9268 MiB
=== Thu Apr 17 02:20:23 UTC 2025: Memory Status ===
               total        used        free      shared  buff/cache   available
Mem:            31Gi       4.1Gi       1.1Gi       146Mi        26Gi        26Gi
Swap:          8.0Gi        34Mi       8.0Gi
6776 MiB, 9275 MiB
=== Thu Apr 17 02:20:33 UTC 2025: Memory Status ===
               total        used        free      shared  buff/cache   available
Mem:            31Gi       4.1Gi       1.1Gi       146Mi        26Gi        26Gi
Swap:          8.0Gi        34Mi       8.0Gi
6790 MiB, 9261 MiB
=== Thu Apr 17 02:20:43 UTC 2025: Memory Status ===
               total        used        free      shared  buff/cache   available
Mem:            31Gi       4.1Gi       1.1Gi       146Mi        26Gi        26Gi
Swap:          8.0Gi        34Mi       8.0Gi
6787 MiB, 9264 MiB
=== Thu Apr 17 02:20:53 UTC 2025: Memory Status ===
               total        used        free      shared  buff/cache   available
Mem:            31Gi       4.1Gi       1.1Gi       146Mi        26Gi        26Gi
Swap:          8.0Gi        34Mi       8.0Gi
6794 MiB, 9257 MiB
=== Thu Apr 17 02:21:03 UTC 2025: Memory Status ===
               total        used        free      shared  buff/cache   available
Mem:            31Gi       4.1Gi       1.1Gi       146Mi        26Gi        26Gi
Swap:          8.0Gi        34Mi       8.0Gi
6796 MiB, 9255 MiB
=== Thu Apr 17 02:21:13 UTC 2025: Memory Status ===
               total        used        free      shared  buff/cache   available
Mem:            31Gi       4.1Gi       1.1Gi       146Mi        26Gi        26Gi
Swap:          8.0Gi        34Mi       8.0Gi
6796 MiB, 9255 MiB
=== Thu Apr 17 02:21:23 UTC 2025: Memory Status ===
               total        used        free      shared  buff/cache   available
Mem:            31Gi       4.1Gi       1.1Gi       146Mi        26Gi        26Gi
Swap:          8.0Gi        34Mi       8.0Gi
6792 MiB, 9259 MiB
=== Thu Apr 17 02:21:33 UTC 2025: Memory Status ===
               total        used        free      shared  buff/cache   available
Mem:            31Gi       4.1Gi       1.1Gi       146Mi        26Gi        26Gi
Swap:          8.0Gi        34Mi       8.0Gi
6795 MiB, 9256 MiB
=== Thu Apr 17 02:21:43 UTC 2025: Memory Status ===
               total        used        free      shared  buff/cache   available
Mem:            31Gi       4.1Gi       1.1Gi       146Mi        26Gi        26Gi
Swap:          8.0Gi        34Mi       8.0Gi
6797 MiB, 9254 MiB
=== Thu Apr 17 02:21:53 UTC 2025: Memory Status ===
               total        used        free      shared  buff/cache   available
Mem:            31Gi       4.1Gi       1.1Gi       146Mi        26Gi        26Gi
Swap:          8.0Gi        34Mi       8.0Gi
6797 MiB, 9254 MiB
=== Thu Apr 17 02:22:03 UTC 2025: Memory Status ===
               total        used        free      shared  buff/cache   available
Mem:            31Gi       4.1Gi       1.1Gi       146Mi        26Gi        26Gi
Swap:          8.0Gi        34Mi       8.0Gi
6797 MiB, 9254 MiB
=== Thu Apr 17 02:22:13 UTC 2025: Memory Status ===
               total        used        free      shared  buff/cache   available
Mem:            31Gi       4.1Gi       1.1Gi       146Mi        26Gi        26Gi
Swap:          8.0Gi        34Mi       8.0Gi
6801 MiB, 9250 MiB
=== Thu Apr 17 02:22:23 UTC 2025: Memory Status ===
               total        used        free      shared  buff/cache   available
Mem:            31Gi       4.1Gi       1.1Gi       146Mi        26Gi        26Gi
Swap:          8.0Gi        34Mi       8.0Gi
6794 MiB, 9257 MiB
=== Thu Apr 17 02:22:33 UTC 2025: Memory Status ===
               total        used        free      shared  buff/cache   available
Mem:            31Gi       4.1Gi       1.1Gi       146Mi        26Gi        26Gi
Swap:          8.0Gi        34Mi       8.0Gi
6775 MiB, 9276 MiB
=== Thu Apr 17 02:22:43 UTC 2025: Memory Status ===
               total        used        free      shared  buff/cache   available
Mem:            31Gi       4.1Gi       1.1Gi       146Mi        26Gi        26Gi
Swap:          8.0Gi        34Mi       8.0Gi
6787 MiB, 9264 MiB
=== Thu Apr 17 02:22:54 UTC 2025: Memory Status ===
               total        used        free      shared  buff/cache   available
Mem:            31Gi       4.1Gi       1.1Gi       146Mi        26Gi        26Gi
Swap:          8.0Gi        34Mi       8.0Gi
6786 MiB, 9265 MiB
=== Thu Apr 17 02:23:04 UTC 2025: Memory Status ===
               total        used        free      shared  buff/cache   available
Mem:            31Gi       4.1Gi       1.1Gi       146Mi        26Gi        26Gi
Swap:          8.0Gi        34Mi       8.0Gi
6784 MiB, 9267 MiB
=== Thu Apr 17 02:23:14 UTC 2025: Memory Status ===
               total        used        free      shared  buff/cache   available
Mem:            31Gi       4.1Gi       1.1Gi       146Mi        26Gi        26Gi
Swap:          8.0Gi        34Mi       8.0Gi
6788 MiB, 9263 MiB
=== Thu Apr 17 02:23:24 UTC 2025: Memory Status ===
               total        used        free      shared  buff/cache   available
Mem:            31Gi       4.1Gi       1.1Gi       146Mi        26Gi        26Gi
Swap:          8.0Gi        34Mi       8.0Gi
6784 MiB, 9267 MiB
=== Thu Apr 17 02:23:34 UTC 2025: Memory Status ===
               total        used        free      shared  buff/cache   available
Mem:            31Gi       4.1Gi       1.1Gi       146Mi        26Gi        26Gi
Swap:          8.0Gi        34Mi       8.0Gi
6819 MiB, 9232 MiB
=== Thu Apr 17 02:23:44 UTC 2025: Memory Status ===
               total        used        free      shared  buff/cache   available
Mem:            31Gi       4.1Gi       1.1Gi       146Mi        26Gi        26Gi
Swap:          8.0Gi        34Mi       8.0Gi
6811 MiB, 9240 MiB
=== Thu Apr 17 02:23:54 UTC 2025: Memory Status ===
               total        used        free      shared  buff/cache   available
Mem:            31Gi       4.1Gi       1.1Gi       146Mi        26Gi        26Gi
Swap:          8.0Gi        34Mi       8.0Gi
6831 MiB, 9220 MiB
=== Thu Apr 17 02:24:04 UTC 2025: Memory Status ===
               total        used        free      shared  buff/cache   available
Mem:            31Gi       4.1Gi       1.1Gi       146Mi        26Gi        26Gi
Swap:          8.0Gi        34Mi       8.0Gi
6812 MiB, 9239 MiB
=== Thu Apr 17 02:24:14 UTC 2025: Memory Status ===
               total        used        free      shared  buff/cache   available
Mem:            31Gi       4.1Gi        25Gi       146Mi       1.5Gi        26Gi
Swap:          8.0Gi        34Mi       8.0Gi
6814 MiB, 9237 MiB
=== Thu Apr 17 02:24:24 UTC 2025: Memory Status ===
               total        used        free      shared  buff/cache   available
Mem:            31Gi       4.1Gi        25Gi       146Mi       1.5Gi        26Gi
Swap:          8.0Gi        34Mi       8.0Gi
6815 MiB, 9236 MiB
=== Thu Apr 17 02:24:34 UTC 2025: Memory Status ===
               total        used        free      shared  buff/cache   available
Mem:            31Gi       4.1Gi        25Gi       146Mi       1.5Gi        26Gi
Swap:          8.0Gi        34Mi       8.0Gi
6813 MiB, 9238 MiB
=== Thu Apr 17 02:24:44 UTC 2025: Memory Status ===
               total        used        free      shared  buff/cache   available
Mem:            31Gi       4.1Gi        25Gi       146Mi       1.5Gi        26Gi
Swap:          8.0Gi        34Mi       8.0Gi
6820 MiB, 9231 MiB
=== Thu Apr 17 02:24:54 UTC 2025: Memory Status ===
               total        used        free      shared  buff/cache   available
Mem:            31Gi       4.1Gi        25Gi       146Mi       1.5Gi        26Gi
Swap:          8.0Gi        34Mi       8.0Gi
6816 MiB, 9235 MiB
=== Thu Apr 17 02:25:04 UTC 2025: Memory Status ===
               total        used        free      shared  buff/cache   available
Mem:            31Gi       4.1Gi        25Gi       146Mi       1.5Gi        26Gi
Swap:          8.0Gi        34Mi       8.0Gi
6814 MiB, 9237 MiB
=== Thu Apr 17 02:25:14 UTC 2025: Memory Status ===
               total        used        free      shared  buff/cache   available
Mem:            31Gi       4.1Gi        25Gi       146Mi       1.6Gi        26Gi
Swap:          8.0Gi        34Mi       8.0Gi
6813 MiB, 9238 MiB
=== Thu Apr 17 02:25:24 UTC 2025: Memory Status ===
               total        used        free      shared  buff/cache   available
Mem:            31Gi       4.1Gi        25Gi       146Mi       1.6Gi        26Gi
Swap:          8.0Gi        34Mi       8.0Gi
6834 MiB, 9217 MiB
=== Thu Apr 17 02:25:34 UTC 2025: Memory Status ===
               total        used        free      shared  buff/cache   available
Mem:            31Gi       4.1Gi        25Gi       146Mi       1.6Gi        26Gi
Swap:          8.0Gi        34Mi       8.0Gi
6803 MiB, 9248 MiB
=== Thu Apr 17 02:25:44 UTC 2025: Memory Status ===
               total        used        free      shared  buff/cache   available
Mem:            31Gi       4.1Gi        25Gi       146Mi       1.6Gi        26Gi
Swap:          8.0Gi        34Mi       8.0Gi
6803 MiB, 9248 MiB
=== Thu Apr 17 02:25:54 UTC 2025: Memory Status ===
               total        used        free      shared  buff/cache   available
Mem:            31Gi       4.1Gi        25Gi       146Mi       1.6Gi        26Gi
Swap:          8.0Gi        34Mi       8.0Gi
6802 MiB, 9249 MiB
=== Thu Apr 17 02:26:04 UTC 2025: Memory Status ===
               total        used        free      shared  buff/cache   available
Mem:            31Gi       4.1Gi        25Gi       146Mi       1.6Gi        26Gi
Swap:          8.0Gi        34Mi       8.0Gi
6810 MiB, 9241 MiB
=== Thu Apr 17 02:26:14 UTC 2025: Memory Status ===
               total        used        free      shared  buff/cache   available
Mem:            31Gi       4.1Gi        25Gi       146Mi       1.6Gi        26Gi
Swap:          8.0Gi        34Mi       8.0Gi
6815 MiB, 9236 MiB
=== Thu Apr 17 02:26:24 UTC 2025: Memory Status ===
               total        used        free      shared  buff/cache   available
Mem:            31Gi       4.1Gi        25Gi       146Mi       1.6Gi        26Gi
Swap:          8.0Gi        34Mi       8.0Gi
6802 MiB, 9249 MiB
=== Thu Apr 17 02:26:34 UTC 2025: Memory Status ===
               total        used        free      shared  buff/cache   available
Mem:            31Gi       4.6Gi        24Gi       146Mi       2.2Gi        25Gi
Swap:          8.0Gi        34Mi       8.0Gi
7173 MiB, 8878 MiB
=== Thu Apr 17 02:26:44 UTC 2025: Memory Status ===
               total        used        free      shared  buff/cache   available
Mem:            31Gi       4.6Gi        24Gi       146Mi       2.2Gi        25Gi
Swap:          8.0Gi        34Mi       8.0Gi
7168 MiB, 8883 MiB
=== Thu Apr 17 02:26:54 UTC 2025: Memory Status ===
               total        used        free      shared  buff/cache   available
Mem:            31Gi       4.6Gi        24Gi       146Mi       2.2Gi        25Gi
Swap:          8.0Gi        34Mi       8.0Gi
7179 MiB, 8872 MiB
=== Thu Apr 17 02:27:05 UTC 2025: Memory Status ===
               total        used        free      shared  buff/cache   available
Mem:            31Gi       4.6Gi        24Gi       146Mi       2.2Gi        25Gi
Swap:          8.0Gi        34Mi       8.0Gi
7176 MiB, 8875 MiB
=== Thu Apr 17 02:27:15 UTC 2025: Memory Status ===
               total        used        free      shared  buff/cache   available
Mem:            31Gi       4.6Gi        24Gi       146Mi       2.2Gi        25Gi
Swap:          8.0Gi        34Mi       8.0Gi
7174 MiB, 8877 MiB
=== Thu Apr 17 02:27:25 UTC 2025: Memory Status ===
               total        used        free      shared  buff/cache   available
Mem:            31Gi       4.6Gi        24Gi       146Mi       2.2Gi        25Gi
Swap:          8.0Gi        34Mi       8.0Gi
7192 MiB, 8859 MiB
=== Thu Apr 17 02:27:35 UTC 2025: Memory Status ===
               total        used        free      shared  buff/cache   available
Mem:            31Gi       4.6Gi        24Gi       146Mi       2.2Gi        25Gi
Swap:          8.0Gi        34Mi       8.0Gi
7190 MiB, 8861 MiB
=== Thu Apr 17 02:27:45 UTC 2025: Memory Status ===
               total        used        free      shared  buff/cache   available
Mem:            31Gi       4.6Gi        24Gi       146Mi       2.2Gi        25Gi
Swap:          8.0Gi        34Mi       8.0Gi
7196 MiB, 8855 MiB
=== Thu Apr 17 02:27:55 UTC 2025: Memory Status ===
               total        used        free      shared  buff/cache   available
Mem:            31Gi       4.6Gi        24Gi       146Mi       2.2Gi        25Gi
Swap:          8.0Gi        34Mi       8.0Gi
7175 MiB, 8876 MiB
=== Thu Apr 17 02:28:05 UTC 2025: Memory Status ===
               total        used        free      shared  buff/cache   available
Mem:            31Gi       4.6Gi        24Gi       146Mi       2.2Gi        25Gi
Swap:          8.0Gi        34Mi       8.0Gi
7209 MiB, 8842 MiB
=== Thu Apr 17 02:28:15 UTC 2025: Memory Status ===
               total        used        free      shared  buff/cache   available
Mem:            31Gi       4.6Gi        24Gi       146Mi       2.2Gi        25Gi
Swap:          8.0Gi        34Mi       8.0Gi
7182 MiB, 8869 MiB
=== Thu Apr 17 02:28:25 UTC 2025: Memory Status ===
               total        used        free      shared  buff/cache   available
Mem:            31Gi       4.6Gi        24Gi       146Mi       2.3Gi        25Gi
Swap:          8.0Gi        34Mi       8.0Gi
7171 MiB, 8880 MiB
=== Thu Apr 17 02:28:35 UTC 2025: Memory Status ===
               total        used        free      shared  buff/cache   available
Mem:            31Gi       4.6Gi        24Gi       146Mi       2.3Gi        25Gi
Swap:          8.0Gi        34Mi       8.0Gi
7170 MiB, 8881 MiB
=== Thu Apr 17 02:28:45 UTC 2025: Memory Status ===
               total        used        free      shared  buff/cache   available
Mem:            31Gi       4.6Gi        24Gi       146Mi       2.3Gi        25Gi
Swap:          8.0Gi        34Mi       8.0Gi
7188 MiB, 8863 MiB
=== Thu Apr 17 02:28:55 UTC 2025: Memory Status ===
               total        used        free      shared  buff/cache   available
Mem:            31Gi       4.6Gi        24Gi       146Mi       2.3Gi        25Gi
Swap:          8.0Gi        34Mi       8.0Gi
7186 MiB, 8865 MiB
=== Thu Apr 17 02:29:05 UTC 2025: Memory Status ===
               total        used        free      shared  buff/cache   available
Mem:            31Gi       4.6Gi        24Gi       146Mi       2.3Gi        25Gi
Swap:          8.0Gi        34Mi       8.0Gi
7186 MiB, 8865 MiB
=== Thu Apr 17 02:29:15 UTC 2025: Memory Status ===
               total        used        free      shared  buff/cache   available
Mem:            31Gi       4.6Gi        24Gi       146Mi       2.3Gi        25Gi
Swap:          8.0Gi        34Mi       8.0Gi
7186 MiB, 8865 MiB
=== Thu Apr 17 02:29:25 UTC 2025: Memory Status ===
               total        used        free      shared  buff/cache   available
Mem:            31Gi       4.6Gi        24Gi       146Mi       2.3Gi        25Gi
Swap:          8.0Gi        34Mi       8.0Gi
7186 MiB, 8865 MiB
=== Thu Apr 17 02:29:35 UTC 2025: Memory Status ===
               total        used        free      shared  buff/cache   available
Mem:            31Gi       4.6Gi        24Gi       146Mi       2.3Gi        25Gi
Swap:          8.0Gi        34Mi       8.0Gi
7186 MiB, 8865 MiB
=== Thu Apr 17 02:29:45 UTC 2025: Memory Status ===
               total        used        free      shared  buff/cache   available
Mem:            31Gi       4.6Gi        24Gi       146Mi       2.3Gi        25Gi
Swap:          8.0Gi        34Mi       8.0Gi
7186 MiB, 8865 MiB
=== Thu Apr 17 02:29:55 UTC 2025: Memory Status ===
               total        used        free      shared  buff/cache   available
Mem:            31Gi       4.6Gi        24Gi       146Mi       2.3Gi        25Gi
Swap:          8.0Gi        34Mi       8.0Gi
7155 MiB, 8896 MiB
=== Thu Apr 17 02:30:05 UTC 2025: Memory Status ===
               total        used        free      shared  buff/cache   available
Mem:            31Gi       4.6Gi        24Gi       146Mi       2.3Gi        25Gi
Swap:          8.0Gi        34Mi       8.0Gi
7198 MiB, 8853 MiB
=== Thu Apr 17 02:30:15 UTC 2025: Memory Status ===
               total        used        free      shared  buff/cache   available
Mem:            31Gi       4.6Gi        24Gi       146Mi       2.3Gi        25Gi
Swap:          8.0Gi        34Mi       8.0Gi
7164 MiB, 8887 MiB
=== Thu Apr 17 02:30:25 UTC 2025: Memory Status ===
               total        used        free      shared  buff/cache   available
Mem:            31Gi       4.6Gi        24Gi       146Mi       2.3Gi        25Gi
Swap:          8.0Gi        34Mi       8.0Gi
7180 MiB, 8871 MiB
=== Thu Apr 17 02:30:35 UTC 2025: Memory Status ===
               total        used        free      shared  buff/cache   available
Mem:            31Gi       4.6Gi        24Gi       146Mi       2.3Gi        25Gi
Swap:          8.0Gi        34Mi       8.0Gi
7156 MiB, 8895 MiB
=== Thu Apr 17 02:30:45 UTC 2025: Memory Status ===
               total        used        free      shared  buff/cache   available
Mem:            31Gi       4.6Gi        24Gi       146Mi       2.3Gi        25Gi
Swap:          8.0Gi        34Mi       8.0Gi
7155 MiB, 8896 MiB
=== Thu Apr 17 02:30:55 UTC 2025: Memory Status ===
               total        used        free      shared  buff/cache   available
Mem:            31Gi       4.6Gi        24Gi       146Mi       2.3Gi        25Gi
Swap:          8.0Gi        34Mi       8.0Gi
7189 MiB, 8862 MiB
=== Thu Apr 17 02:31:05 UTC 2025: Memory Status ===
               total        used        free      shared  buff/cache   available
Mem:            31Gi       4.6Gi        24Gi       146Mi       2.3Gi        25Gi
Swap:          8.0Gi        34Mi       8.0Gi
7174 MiB, 8877 MiB
=== Thu Apr 17 02:31:15 UTC 2025: Memory Status ===
               total        used        free      shared  buff/cache   available
Mem:            31Gi       4.6Gi        24Gi       146Mi       2.3Gi        25Gi
Swap:          8.0Gi        34Mi       8.0Gi
7177 MiB, 8874 MiB
=== Thu Apr 17 02:31:25 UTC 2025: Memory Status ===
               total        used        free      shared  buff/cache   available
Mem:            31Gi       4.7Gi        24Gi       146Mi       2.3Gi        25Gi
Swap:          8.0Gi        34Mi       8.0Gi
7161 MiB, 8890 MiB
=== Thu Apr 17 02:31:36 UTC 2025: Memory Status ===
               total        used        free      shared  buff/cache   available
Mem:            31Gi       4.6Gi        24Gi       146Mi       2.3Gi        25Gi
Swap:          8.0Gi        34Mi       8.0Gi
7150 MiB, 8901 MiB
=== Thu Apr 17 02:31:46 UTC 2025: Memory Status ===
               total        used        free      shared  buff/cache   available
Mem:            31Gi       4.6Gi        24Gi       146Mi       2.3Gi        25Gi
Swap:          8.0Gi        34Mi       8.0Gi
7147 MiB, 8904 MiB
=== Thu Apr 17 02:31:56 UTC 2025: Memory Status ===
               total        used        free      shared  buff/cache   available
Mem:            31Gi       4.7Gi        24Gi       146Mi       2.3Gi        25Gi
Swap:          8.0Gi        34Mi       8.0Gi
7144 MiB, 8907 MiB
=== Thu Apr 17 02:32:06 UTC 2025: Memory Status ===
               total        used        free      shared  buff/cache   available
Mem:            31Gi       4.6Gi        24Gi       146Mi       2.3Gi        25Gi
Swap:          8.0Gi        34Mi       8.0Gi
7147 MiB, 8904 MiB
=== Thu Apr 17 02:32:16 UTC 2025: Memory Status ===
               total        used        free      shared  buff/cache   available
Mem:            31Gi       4.6Gi        24Gi       146Mi       2.3Gi        25Gi
Swap:          8.0Gi        34Mi       8.0Gi
7146 MiB, 8905 MiB
=== Thu Apr 17 02:32:26 UTC 2025: Memory Status ===
               total        used        free      shared  buff/cache   available
Mem:            31Gi       4.6Gi        24Gi       146Mi       2.3Gi        25Gi
Swap:          8.0Gi        34Mi       8.0Gi
7134 MiB, 8917 MiB
=== Thu Apr 17 02:32:36 UTC 2025: Memory Status ===
               total        used        free      shared  buff/cache   available
Mem:            31Gi       4.6Gi        24Gi       146Mi       2.3Gi        25Gi
Swap:          8.0Gi        34Mi       8.0Gi
7147 MiB, 8904 MiB
=== Thu Apr 17 02:32:46 UTC 2025: Memory Status ===
               total        used        free      shared  buff/cache   available
Mem:            31Gi       4.6Gi        24Gi       146Mi       2.3Gi        25Gi
Swap:          8.0Gi        34Mi       8.0Gi
7144 MiB, 8907 MiB
=== Thu Apr 17 02:32:56 UTC 2025: Memory Status ===
               total        used        free      shared  buff/cache   available
Mem:            31Gi       4.6Gi        24Gi       146Mi       2.3Gi        25Gi
Swap:          8.0Gi        34Mi       8.0Gi
7139 MiB, 8912 MiB
=== Thu Apr 17 02:33:06 UTC 2025: Memory Status ===
               total        used        free      shared  buff/cache   available
Mem:            31Gi       4.6Gi        24Gi       146Mi       2.3Gi        25Gi
Swap:          8.0Gi        34Mi       8.0Gi
7133 MiB, 8918 MiB
=== Thu Apr 17 02:33:16 UTC 2025: Memory Status ===
               total        used        free      shared  buff/cache   available
Mem:            31Gi       4.6Gi        24Gi       146Mi       2.3Gi        25Gi
Swap:          8.0Gi        34Mi       8.0Gi
7150 MiB, 8901 MiB
=== Thu Apr 17 02:33:26 UTC 2025: Memory Status ===
               total        used        free      shared  buff/cache   available
Mem:            31Gi       4.7Gi        24Gi       146Mi       2.3Gi        25Gi
Swap:          8.0Gi        34Mi       8.0Gi
7132 MiB, 8919 MiB
=== Thu Apr 17 02:33:36 UTC 2025: Memory Status ===
               total        used        free      shared  buff/cache   available
Mem:            31Gi       4.6Gi        24Gi       146Mi       2.3Gi        25Gi
Swap:          8.0Gi        34Mi       8.0Gi
7138 MiB, 8913 MiB
=== Thu Apr 17 02:33:46 UTC 2025: Memory Status ===
               total        used        free      shared  buff/cache   available
Mem:            31Gi       4.7Gi        24Gi       146Mi       2.3Gi        25Gi
Swap:          8.0Gi        34Mi       8.0Gi
7126 MiB, 8925 MiB
=== Thu Apr 17 02:33:56 UTC 2025: Memory Status ===
               total        used        free      shared  buff/cache   available
Mem:            31Gi       4.7Gi        24Gi       146Mi       2.3Gi        25Gi
Swap:          8.0Gi        34Mi       8.0Gi
7131 MiB, 8920 MiB
=== Thu Apr 17 02:34:06 UTC 2025: Memory Status ===
               total        used        free      shared  buff/cache   available
Mem:            31Gi       4.7Gi        24Gi       146Mi       2.3Gi        25Gi
Swap:          8.0Gi        34Mi       8.0Gi
7130 MiB, 8921 MiB
=== Thu Apr 17 02:34:16 UTC 2025: Memory Status ===
               total        used        free      shared  buff/cache   available
Mem:            31Gi       4.7Gi        24Gi       146Mi       2.3Gi        25Gi
Swap:          8.0Gi        34Mi       8.0Gi
7136 MiB, 8915 MiB
=== Thu Apr 17 02:34:26 UTC 2025: Memory Status ===
               total        used        free      shared  buff/cache   available
Mem:            31Gi       4.7Gi        24Gi       146Mi       2.3Gi        25Gi
Swap:          8.0Gi        34Mi       8.0Gi
7133 MiB, 8918 MiB
=== Thu Apr 17 02:34:36 UTC 2025: Memory Status ===
               total        used        free      shared  buff/cache   available
Mem:            31Gi       4.7Gi        24Gi       146Mi       2.3Gi        25Gi
Swap:          8.0Gi        34Mi       8.0Gi
7130 MiB, 8921 MiB
=== Thu Apr 17 02:34:46 UTC 2025: Memory Status ===
               total        used        free      shared  buff/cache   available
Mem:            31Gi       4.7Gi        24Gi       146Mi       2.3Gi        25Gi
Swap:          8.0Gi        34Mi       8.0Gi
7130 MiB, 8921 MiB
=== Thu Apr 17 02:34:56 UTC 2025: Memory Status ===
               total        used        free      shared  buff/cache   available
Mem:            31Gi       4.7Gi        24Gi       146Mi       2.3Gi        25Gi
Swap:          8.0Gi        34Mi       8.0Gi
7129 MiB, 8922 MiB
=== Thu Apr 17 02:35:06 UTC 2025: Memory Status ===
               total        used        free      shared  buff/cache   available
Mem:            31Gi       4.7Gi        24Gi       146Mi       2.3Gi        25Gi
Swap:          8.0Gi        34Mi       8.0Gi
7132 MiB, 8919 MiB
=== Thu Apr 17 02:35:16 UTC 2025: Memory Status ===
               total        used        free      shared  buff/cache   available
Mem:            31Gi       4.7Gi        24Gi       146Mi       2.3Gi        25Gi
Swap:          8.0Gi        34Mi       8.0Gi
7135 MiB, 8916 MiB
=== Thu Apr 17 02:35:26 UTC 2025: Memory Status ===
               total        used        free      shared  buff/cache   available
Mem:            31Gi       4.7Gi        24Gi       146Mi       2.3Gi        25Gi
Swap:          8.0Gi        34Mi       8.0Gi
7127 MiB, 8924 MiB
=== Thu Apr 17 02:35:36 UTC 2025: Memory Status ===
               total        used        free      shared  buff/cache   available
Mem:            31Gi       4.7Gi        24Gi       146Mi       2.3Gi        25Gi
Swap:          8.0Gi        34Mi       8.0Gi
7128 MiB, 8923 MiB
=== Thu Apr 17 02:35:47 UTC 2025: Memory Status ===
               total        used        free      shared  buff/cache   available
Mem:            31Gi       4.7Gi        24Gi       146Mi       2.3Gi        25Gi
Swap:          8.0Gi        34Mi       8.0Gi
7128 MiB, 8923 MiB
=== Thu Apr 17 02:35:57 UTC 2025: Memory Status ===
               total        used        free      shared  buff/cache   available
Mem:            31Gi       4.7Gi        24Gi       146Mi       2.3Gi        25Gi
Swap:          8.0Gi        34Mi       8.0Gi
7131 MiB, 8920 MiB
=== Thu Apr 17 02:36:07 UTC 2025: Memory Status ===
               total        used        free      shared  buff/cache   available
Mem:            31Gi       4.7Gi        24Gi       146Mi       2.3Gi        25Gi
Swap:          8.0Gi        34Mi       8.0Gi
7170 MiB, 8881 MiB
=== Thu Apr 17 02:36:17 UTC 2025: Memory Status ===
               total        used        free      shared  buff/cache   available
Mem:            31Gi       4.7Gi        24Gi       146Mi       2.3Gi        25Gi
Swap:          8.0Gi        34Mi       8.0Gi
7137 MiB, 8914 MiB
=== Thu Apr 17 02:36:27 UTC 2025: Memory Status ===
               total        used        free      shared  buff/cache   available
Mem:            31Gi       4.7Gi        24Gi       146Mi       2.3Gi        25Gi
Swap:          8.0Gi        34Mi       8.0Gi
7136 MiB, 8915 MiB
=== Thu Apr 17 02:36:37 UTC 2025: Memory Status ===
               total        used        free      shared  buff/cache   available
Mem:            31Gi       4.7Gi        24Gi       146Mi       2.3Gi        25Gi
Swap:          8.0Gi        34Mi       8.0Gi
7137 MiB, 8914 MiB
=== Thu Apr 17 02:36:47 UTC 2025: Memory Status ===
               total        used        free      shared  buff/cache   available
Mem:            31Gi       4.7Gi        24Gi       146Mi       2.3Gi        25Gi
Swap:          8.0Gi        34Mi       8.0Gi
7134 MiB, 8917 MiB
=== Thu Apr 17 02:36:57 UTC 2025: Memory Status ===
               total        used        free      shared  buff/cache   available
Mem:            31Gi       4.7Gi        24Gi       146Mi       2.3Gi        25Gi
Swap:          8.0Gi        34Mi       8.0Gi
7135 MiB, 8916 MiB
=== Thu Apr 17 02:37:07 UTC 2025: Memory Status ===
               total        used        free      shared  buff/cache   available
Mem:            31Gi       4.7Gi        24Gi       146Mi       2.3Gi        25Gi
Swap:          8.0Gi        34Mi       8.0Gi
7131 MiB, 8920 MiB
=== Thu Apr 17 02:37:17 UTC 2025: Memory Status ===
               total        used        free      shared  buff/cache   available
Mem:            31Gi       4.7Gi        24Gi       146Mi       2.3Gi        25Gi
Swap:          8.0Gi        34Mi       8.0Gi
7133 MiB, 8918 MiB
=== Thu Apr 17 02:37:27 UTC 2025: Memory Status ===
               total        used        free      shared  buff/cache   available
Mem:            31Gi       4.7Gi        24Gi       146Mi       2.3Gi        25Gi
Swap:          8.0Gi        34Mi       8.0Gi
7140 MiB, 8911 MiB
=== Thu Apr 17 02:37:37 UTC 2025: Memory Status ===
               total        used        free      shared  buff/cache   available
Mem:            31Gi       4.7Gi        24Gi       146Mi       2.3Gi        25Gi
Swap:          8.0Gi        34Mi       8.0Gi
7132 MiB, 8919 MiB
=== Thu Apr 17 02:37:47 UTC 2025: Memory Status ===
               total        used        free      shared  buff/cache   available
Mem:            31Gi       4.7Gi        24Gi       146Mi       2.3Gi        25Gi
Swap:          8.0Gi        34Mi       8.0Gi
7134 MiB, 8917 MiB
=== Thu Apr 17 02:37:57 UTC 2025: Memory Status ===
               total        used        free      shared  buff/cache   available
Mem:            31Gi       4.7Gi        24Gi       146Mi       2.3Gi        25Gi
Swap:          8.0Gi        34Mi       8.0Gi
7141 MiB, 8910 MiB
=== Thu Apr 17 02:38:07 UTC 2025: Memory Status ===
               total        used        free      shared  buff/cache   available
Mem:            31Gi       4.7Gi        24Gi       146Mi       2.3Gi        25Gi
Swap:          8.0Gi        34Mi       8.0Gi
7141 MiB, 8910 MiB
=== Thu Apr 17 02:38:17 UTC 2025: Memory Status ===
               total        used        free      shared  buff/cache   available
Mem:            31Gi       4.7Gi        24Gi       146Mi       2.3Gi        25Gi
Swap:          8.0Gi        34Mi       8.0Gi
7141 MiB, 8910 MiB
=== Thu Apr 17 02:38:27 UTC 2025: Memory Status ===
               total        used        free      shared  buff/cache   available
Mem:            31Gi       4.7Gi        24Gi       146Mi       2.3Gi        25Gi
Swap:          8.0Gi        34Mi       8.0Gi
7131 MiB, 8920 MiB
=== Thu Apr 17 02:38:37 UTC 2025: Memory Status ===
               total        used        free      shared  buff/cache   available
Mem:            31Gi       4.7Gi        24Gi       146Mi       2.3Gi        25Gi
Swap:          8.0Gi        34Mi       8.0Gi
7130 MiB, 8921 MiB
=== Thu Apr 17 02:38:47 UTC 2025: Memory Status ===
               total        used        free      shared  buff/cache   available
Mem:            31Gi       4.7Gi        24Gi       146Mi       2.3Gi        25Gi
Swap:          8.0Gi        34Mi       8.0Gi
7130 MiB, 8921 MiB
=== Thu Apr 17 02:38:57 UTC 2025: Memory Status ===
               total        used        free      shared  buff/cache   available
Mem:            31Gi       4.7Gi        24Gi       146Mi       2.3Gi        25Gi
Swap:          8.0Gi        34Mi       8.0Gi
7149 MiB, 8902 MiB
=== Thu Apr 17 02:39:07 UTC 2025: Memory Status ===
               total        used        free      shared  buff/cache   available
Mem:            31Gi       4.7Gi        24Gi       146Mi       2.3Gi        25Gi
Swap:          8.0Gi        34Mi       8.0Gi
7139 MiB, 8912 MiB
=== Thu Apr 17 02:39:17 UTC 2025: Memory Status ===
               total        used        free      shared  buff/cache   available
Mem:            31Gi       4.7Gi        24Gi       146Mi       2.3Gi        25Gi
Swap:          8.0Gi        34Mi       8.0Gi
7128 MiB, 8923 MiB
=== Thu Apr 17 02:39:27 UTC 2025: Memory Status ===
               total        used        free      shared  buff/cache   available
Mem:            31Gi       4.7Gi        24Gi       146Mi       2.3Gi        25Gi
Swap:          8.0Gi        34Mi       8.0Gi
7135 MiB, 8916 MiB
=== Thu Apr 17 02:39:37 UTC 2025: Memory Status ===
               total        used        free      shared  buff/cache   available
Mem:            31Gi       4.7Gi        24Gi       146Mi       2.3Gi        25Gi
Swap:          8.0Gi        34Mi       8.0Gi
7136 MiB, 8915 MiB
=== Thu Apr 17 02:39:47 UTC 2025: Memory Status ===
               total        used        free      shared  buff/cache   available
Mem:            31Gi       4.7Gi        24Gi       146Mi       2.3Gi        25Gi
Swap:          8.0Gi        34Mi       8.0Gi
7145 MiB, 8906 MiB
=== Thu Apr 17 02:39:58 UTC 2025: Memory Status ===
               total        used        free      shared  buff/cache   available
Mem:            31Gi       4.7Gi        24Gi       146Mi       2.3Gi        25Gi
Swap:          8.0Gi        34Mi       8.0Gi
7130 MiB, 8921 MiB
=== Thu Apr 17 02:40:08 UTC 2025: Memory Status ===
               total        used        free      shared  buff/cache   available
Mem:            31Gi       4.7Gi        24Gi       146Mi       2.3Gi        25Gi
Swap:          8.0Gi        34Mi       8.0Gi
7142 MiB, 8909 MiB
=== Thu Apr 17 02:40:18 UTC 2025: Memory Status ===
               total        used        free      shared  buff/cache   available
Mem:            31Gi       4.7Gi        24Gi       146Mi       2.3Gi        25Gi
Swap:          8.0Gi        34Mi       8.0Gi
7146 MiB, 8905 MiB
=== Thu Apr 17 02:40:28 UTC 2025: Memory Status ===
               total        used        free      shared  buff/cache   available
Mem:            31Gi       4.7Gi        24Gi       146Mi       2.3Gi        25Gi
Swap:          8.0Gi        34Mi       8.0Gi
7145 MiB, 8906 MiB
=== Thu Apr 17 02:40:38 UTC 2025: Memory Status ===
               total        used        free      shared  buff/cache   available
Mem:            31Gi       4.7Gi        24Gi       146Mi       2.3Gi        25Gi
Swap:          8.0Gi        34Mi       8.0Gi
7145 MiB, 8906 MiB
=== Thu Apr 17 02:40:48 UTC 2025: Memory Status ===
               total        used        free      shared  buff/cache   available
Mem:            31Gi       4.7Gi        24Gi       146Mi       2.3Gi        25Gi
Swap:          8.0Gi        34Mi       8.0Gi
7143 MiB, 8908 MiB
=== Thu Apr 17 02:40:58 UTC 2025: Memory Status ===
               total        used        free      shared  buff/cache   available
Mem:            31Gi       4.7Gi        24Gi       146Mi       2.3Gi        25Gi
Swap:          8.0Gi        34Mi       8.0Gi
7139 MiB, 8912 MiB
=== Thu Apr 17 02:41:08 UTC 2025: Memory Status ===
               total        used        free      shared  buff/cache   available
Mem:            31Gi       4.7Gi        24Gi       146Mi       2.3Gi        25Gi
Swap:          8.0Gi        34Mi       8.0Gi
7129 MiB, 8922 MiB
=== Thu Apr 17 02:41:18 UTC 2025: Memory Status ===
               total        used        free      shared  buff/cache   available
Mem:            31Gi       4.7Gi        24Gi       146Mi       2.3Gi        25Gi
Swap:          8.0Gi        34Mi       8.0Gi
7129 MiB, 8922 MiB
=== Thu Apr 17 02:41:28 UTC 2025: Memory Status ===
               total        used        free      shared  buff/cache   available
Mem:            31Gi       4.7Gi        24Gi       146Mi       2.3Gi        25Gi
Swap:          8.0Gi        34Mi       8.0Gi
7129 MiB, 8922 MiB
=== Thu Apr 17 02:41:38 UTC 2025: Memory Status ===
               total        used        free      shared  buff/cache   available
Mem:            31Gi       4.7Gi        24Gi       146Mi       2.3Gi        25Gi
Swap:          8.0Gi        34Mi       8.0Gi
7131 MiB, 8920 MiB
=== Thu Apr 17 02:41:48 UTC 2025: Memory Status ===
               total        used        free      shared  buff/cache   available
Mem:            31Gi       4.7Gi        24Gi       146Mi       2.3Gi        25Gi
Swap:          8.0Gi        34Mi       8.0Gi
7132 MiB, 8919 MiB
=== Thu Apr 17 02:41:58 UTC 2025: Memory Status ===
               total        used        free      shared  buff/cache   available
Mem:            31Gi       4.7Gi        24Gi       146Mi       2.3Gi        25Gi
Swap:          8.0Gi        34Mi       8.0Gi
7168 MiB, 8883 MiB
=== Thu Apr 17 02:42:08 UTC 2025: Memory Status ===
               total        used        free      shared  buff/cache   available
Mem:            31Gi       4.7Gi        24Gi       146Mi       2.3Gi        25Gi
Swap:          8.0Gi        34Mi       8.0Gi
7151 MiB, 8900 MiB
=== Thu Apr 17 02:42:18 UTC 2025: Memory Status ===
               total        used        free      shared  buff/cache   available
Mem:            31Gi       4.7Gi        24Gi       146Mi       2.3Gi        25Gi
Swap:          8.0Gi        34Mi       8.0Gi
7134 MiB, 8917 MiB
=== Thu Apr 17 02:42:28 UTC 2025: Memory Status ===
               total        used        free      shared  buff/cache   available
Mem:            31Gi       4.7Gi        24Gi       146Mi       2.3Gi        25Gi
Swap:          8.0Gi        34Mi       8.0Gi
7136 MiB, 8915 MiB
=== Thu Apr 17 02:42:38 UTC 2025: Memory Status ===
               total        used        free      shared  buff/cache   available
Mem:            31Gi       4.7Gi        24Gi       146Mi       2.3Gi        25Gi
Swap:          8.0Gi        34Mi       8.0Gi
7131 MiB, 8920 MiB
=== Thu Apr 17 02:42:48 UTC 2025: Memory Status ===
               total        used        free      shared  buff/cache   available
Mem:            31Gi       4.7Gi        24Gi       146Mi       2.3Gi        25Gi
Swap:          8.0Gi        34Mi       8.0Gi
7134 MiB, 8917 MiB
=== Thu Apr 17 02:42:58 UTC 2025: Memory Status ===
               total        used        free      shared  buff/cache   available
Mem:            31Gi       4.7Gi        24Gi       146Mi       2.3Gi        25Gi
Swap:          8.0Gi        34Mi       8.0Gi
7130 MiB, 8921 MiB
=== Thu Apr 17 02:43:08 UTC 2025: Memory Status ===
               total        used        free      shared  buff/cache   available
Mem:            31Gi       4.7Gi        24Gi       146Mi       2.3Gi        25Gi
Swap:          8.0Gi        34Mi       8.0Gi
7134 MiB, 8917 MiB
=== Thu Apr 17 02:43:18 UTC 2025: Memory Status ===
               total        used        free      shared  buff/cache   available
Mem:            31Gi       4.7Gi        24Gi       146Mi       2.3Gi        25Gi
Swap:          8.0Gi        34Mi       8.0Gi
7134 MiB, 8917 MiB
=== Thu Apr 17 02:43:28 UTC 2025: Memory Status ===
               total        used        free      shared  buff/cache   available
Mem:            31Gi       4.7Gi        24Gi       146Mi       2.3Gi        25Gi
Swap:          8.0Gi        34Mi       8.0Gi
7131 MiB, 8920 MiB
=== Thu Apr 17 02:43:38 UTC 2025: Memory Status ===
               total        used        free      shared  buff/cache   available
Mem:            31Gi       4.7Gi        24Gi       146Mi       2.3Gi        25Gi
Swap:          8.0Gi        34Mi       8.0Gi
7145 MiB, 8906 MiB
=== Thu Apr 17 02:43:48 UTC 2025: Memory Status ===
               total        used        free      shared  buff/cache   available
Mem:            31Gi       4.7Gi        24Gi       146Mi       2.3Gi        25Gi
Swap:          8.0Gi        34Mi       8.0Gi
7151 MiB, 8900 MiB
=== Thu Apr 17 02:43:58 UTC 2025: Memory Status ===
               total        used        free      shared  buff/cache   available
Mem:            31Gi       4.7Gi        24Gi       146Mi       2.3Gi        25Gi
Swap:          8.0Gi        34Mi       8.0Gi
7136 MiB, 8915 MiB
=== Thu Apr 17 02:44:09 UTC 2025: Memory Status ===
               total        used        free      shared  buff/cache   available
Mem:            31Gi       4.7Gi        24Gi       146Mi       2.3Gi        25Gi
Swap:          8.0Gi        34Mi       8.0Gi
7134 MiB, 8917 MiB
=== Thu Apr 17 02:44:19 UTC 2025: Memory Status ===
               total        used        free      shared  buff/cache   available
Mem:            31Gi       4.7Gi        24Gi       146Mi       2.3Gi        25Gi
Swap:          8.0Gi        34Mi       8.0Gi
7135 MiB, 8916 MiB
=== Thu Apr 17 02:44:29 UTC 2025: Memory Status ===
               total        used        free      shared  buff/cache   available
Mem:            31Gi       4.7Gi        24Gi       146Mi       2.3Gi        25Gi
Swap:          8.0Gi        34Mi       8.0Gi
7126 MiB, 8925 MiB
=== Thu Apr 17 02:44:39 UTC 2025: Memory Status ===
               total        used        free      shared  buff/cache   available
Mem:            31Gi       4.7Gi        24Gi       146Mi       2.3Gi        25Gi
Swap:          8.0Gi        34Mi       8.0Gi
7130 MiB, 8921 MiB
=== Thu Apr 17 02:44:49 UTC 2025: Memory Status ===
               total        used        free      shared  buff/cache   available
Mem:            31Gi       4.7Gi        24Gi       146Mi       2.3Gi        25Gi
Swap:          8.0Gi        34Mi       8.0Gi
7130 MiB, 8921 MiB
=== Thu Apr 17 02:44:59 UTC 2025: Memory Status ===
               total        used        free      shared  buff/cache   available
Mem:            31Gi       4.7Gi        24Gi       146Mi       2.3Gi        25Gi
Swap:          8.0Gi        34Mi       8.0Gi
7130 MiB, 8921 MiB
=== Thu Apr 17 02:45:09 UTC 2025: Memory Status ===
               total        used        free      shared  buff/cache   available
Mem:            31Gi       4.7Gi        24Gi       146Mi       2.3Gi        25Gi
Swap:          8.0Gi        34Mi       8.0Gi
7130 MiB, 8921 MiB
=== Thu Apr 17 02:45:19 UTC 2025: Memory Status ===
               total        used        free      shared  buff/cache   available
Mem:            31Gi       4.7Gi        24Gi       146Mi       2.3Gi        25Gi
Swap:          8.0Gi        34Mi       8.0Gi
7137 MiB, 8914 MiB
=== Thu Apr 17 02:45:29 UTC 2025: Memory Status ===
               total        used        free      shared  buff/cache   available
Mem:            31Gi       4.7Gi        24Gi       146Mi       2.3Gi        25Gi
Swap:          8.0Gi        34Mi       8.0Gi
7143 MiB, 8908 MiB
=== Thu Apr 17 02:45:39 UTC 2025: Memory Status ===
               total        used        free      shared  buff/cache   available
Mem:            31Gi       4.7Gi        24Gi       146Mi       2.3Gi        25Gi
Swap:          8.0Gi        34Mi       8.0Gi
7126 MiB, 8925 MiB
=== Thu Apr 17 02:45:49 UTC 2025: Memory Status ===
               total        used        free      shared  buff/cache   available
Mem:            31Gi       4.7Gi        24Gi       146Mi       2.3Gi        25Gi
Swap:          8.0Gi        34Mi       8.0Gi
7145 MiB, 8906 MiB
=== Thu Apr 17 02:45:59 UTC 2025: Memory Status ===
               total        used        free      shared  buff/cache   available
Mem:            31Gi       4.7Gi        24Gi       146Mi       2.3Gi        25Gi
Swap:          8.0Gi        34Mi       8.0Gi
7129 MiB, 8922 MiB
=== Thu Apr 17 02:46:09 UTC 2025: Memory Status ===
               total        used        free      shared  buff/cache   available
Mem:            31Gi       4.7Gi        24Gi       146Mi       2.3Gi        25Gi
Swap:          8.0Gi        34Mi       8.0Gi
7123 MiB, 8928 MiB
=== Thu Apr 17 02:46:19 UTC 2025: Memory Status ===
               total        used        free      shared  buff/cache   available
Mem:            31Gi       4.7Gi        24Gi       146Mi       2.3Gi        25Gi
Swap:          8.0Gi        34Mi       8.0Gi
7122 MiB, 8929 MiB
=== Thu Apr 17 02:46:29 UTC 2025: Memory Status ===
               total        used        free      shared  buff/cache   available
Mem:            31Gi       4.7Gi        24Gi       146Mi       2.3Gi        25Gi
Swap:          8.0Gi        34Mi       8.0Gi
7122 MiB, 8929 MiB
=== Thu Apr 17 02:46:39 UTC 2025: Memory Status ===
               total        used        free      shared  buff/cache   available
Mem:            31Gi       4.7Gi        24Gi       146Mi       2.3Gi        25Gi
Swap:          8.0Gi        34Mi       8.0Gi
7123 MiB, 8928 MiB
=== Thu Apr 17 02:46:49 UTC 2025: Memory Status ===
               total        used        free      shared  buff/cache   available
Mem:            31Gi       4.7Gi        24Gi       146Mi       2.3Gi        25Gi
Swap:          8.0Gi        34Mi       8.0Gi
7129 MiB, 8922 MiB
=== Thu Apr 17 02:46:59 UTC 2025: Memory Status ===
               total        used        free      shared  buff/cache   available
Mem:            31Gi       4.7Gi        24Gi       146Mi       2.3Gi        25Gi
Swap:          8.0Gi        34Mi       8.0Gi
7145 MiB, 8906 MiB
=== Thu Apr 17 02:47:09 UTC 2025: Memory Status ===
               total        used        free      shared  buff/cache   available
Mem:            31Gi       4.7Gi        24Gi       146Mi       2.3Gi        25Gi
Swap:          8.0Gi        34Mi       8.0Gi
7147 MiB, 8904 MiB
=== Thu Apr 17 02:47:19 UTC 2025: Memory Status ===
               total        used        free      shared  buff/cache   available
Mem:            31Gi       4.7Gi        24Gi       146Mi       2.3Gi        25Gi
Swap:          8.0Gi        34Mi       8.0Gi
7143 MiB, 8908 MiB
=== Thu Apr 17 02:47:29 UTC 2025: Memory Status ===
               total        used        free      shared  buff/cache   available
Mem:            31Gi       4.7Gi        24Gi       146Mi       2.3Gi        25Gi
Swap:          8.0Gi        34Mi       8.0Gi
7143 MiB, 8908 MiB
=== Thu Apr 17 02:47:39 UTC 2025: Memory Status ===
               total        used        free      shared  buff/cache   available
Mem:            31Gi       4.7Gi        24Gi       146Mi       2.3Gi        25Gi
Swap:          8.0Gi        34Mi       8.0Gi
7146 MiB, 8905 MiB
=== Thu Apr 17 02:47:49 UTC 2025: Memory Status ===
               total        used        free      shared  buff/cache   available
Mem:            31Gi       4.7Gi        24Gi       146Mi       2.3Gi        25Gi
Swap:          8.0Gi        34Mi       8.0Gi
7188 MiB, 8863 MiB
=== Thu Apr 17 02:47:59 UTC 2025: Memory Status ===
               total        used        free      shared  buff/cache   available
Mem:            31Gi       4.7Gi        24Gi       146Mi       2.3Gi        25Gi
Swap:          8.0Gi        34Mi       8.0Gi
7196 MiB, 8855 MiB
=== Thu Apr 17 02:48:09 UTC 2025: Memory Status ===
               total        used        free      shared  buff/cache   available
Mem:            31Gi       4.7Gi        24Gi       146Mi       2.3Gi        25Gi
Swap:          8.0Gi        34Mi       8.0Gi
7198 MiB, 8853 MiB
=== Thu Apr 17 02:48:20 UTC 2025: Memory Status ===
               total        used        free      shared  buff/cache   available
Mem:            31Gi       4.7Gi        24Gi       146Mi       2.3Gi        25Gi
Swap:          8.0Gi        34Mi       8.0Gi
7198 MiB, 8853 MiB
=== Thu Apr 17 02:48:30 UTC 2025: Memory Status ===
               total        used        free      shared  buff/cache   available
Mem:            31Gi       4.7Gi        24Gi       146Mi       2.3Gi        25Gi
Swap:          8.0Gi        34Mi       8.0Gi
7190 MiB, 8861 MiB
=== Thu Apr 17 02:48:40 UTC 2025: Memory Status ===
               total        used        free      shared  buff/cache   available
Mem:            31Gi       4.7Gi        24Gi       146Mi       2.3Gi        25Gi
Swap:          8.0Gi        34Mi       8.0Gi
7157 MiB, 8894 MiB
=== Thu Apr 17 02:48:50 UTC 2025: Memory Status ===
               total        used        free      shared  buff/cache   available
Mem:            31Gi       4.7Gi        24Gi       146Mi       2.3Gi        25Gi
Swap:          8.0Gi        34Mi       8.0Gi
7160 MiB, 8891 MiB
=== Thu Apr 17 02:49:00 UTC 2025: Memory Status ===
               total        used        free      shared  buff/cache   available
Mem:            31Gi       4.7Gi        24Gi       146Mi       2.3Gi        25Gi
Swap:          8.0Gi        34Mi       8.0Gi
7160 MiB, 8890 MiB
=== Thu Apr 17 02:49:10 UTC 2025: Memory Status ===
               total        used        free      shared  buff/cache   available
Mem:            31Gi       4.7Gi        24Gi       146Mi       2.3Gi        25Gi
Swap:          8.0Gi        34Mi       8.0Gi
7156 MiB, 8895 MiB
=== Thu Apr 17 02:49:20 UTC 2025: Memory Status ===
               total        used        free      shared  buff/cache   available
Mem:            31Gi       4.7Gi        24Gi       146Mi       2.3Gi        25Gi
Swap:          8.0Gi        34Mi       8.0Gi
7152 MiB, 8899 MiB
=== Thu Apr 17 02:49:30 UTC 2025: Memory Status ===
               total        used        free      shared  buff/cache   available
Mem:            31Gi       4.7Gi        24Gi       146Mi       2.3Gi        25Gi
Swap:          8.0Gi        34Mi       8.0Gi
7155 MiB, 8896 MiB
=== Thu Apr 17 02:49:40 UTC 2025: Memory Status ===
               total        used        free      shared  buff/cache   available
Mem:            31Gi       4.7Gi        24Gi       146Mi       2.3Gi        25Gi
Swap:          8.0Gi        34Mi       8.0Gi
7165 MiB, 8886 MiB
=== Thu Apr 17 02:49:50 UTC 2025: Memory Status ===
               total        used        free      shared  buff/cache   available
Mem:            31Gi       4.7Gi        24Gi       146Mi       2.3Gi        25Gi
Swap:          8.0Gi        34Mi       8.0Gi
7139 MiB, 8912 MiB
=== Thu Apr 17 02:50:00 UTC 2025: Memory Status ===
               total        used        free      shared  buff/cache   available
Mem:            31Gi       4.7Gi        24Gi       146Mi       2.3Gi        25Gi
Swap:          8.0Gi        34Mi       8.0Gi
7139 MiB, 8912 MiB
=== Thu Apr 17 02:50:10 UTC 2025: Memory Status ===
               total        used        free      shared  buff/cache   available
Mem:            31Gi       4.7Gi        24Gi       146Mi       2.3Gi        25Gi
Swap:          8.0Gi        34Mi       8.0Gi
7168 MiB, 8883 MiB
=== Thu Apr 17 02:50:20 UTC 2025: Memory Status ===
               total        used        free      shared  buff/cache   available
Mem:            31Gi       4.7Gi        24Gi       146Mi       2.3Gi        25Gi
Swap:          8.0Gi        34Mi       8.0Gi
7146 MiB, 8905 MiB
=== Thu Apr 17 02:50:30 UTC 2025: Memory Status ===
               total        used        free      shared  buff/cache   available
Mem:            31Gi       4.7Gi        24Gi       146Mi       2.3Gi        25Gi
Swap:          8.0Gi        34Mi       8.0Gi
7163 MiB, 8888 MiB
=== Thu Apr 17 02:50:40 UTC 2025: Memory Status ===
               total        used        free      shared  buff/cache   available
Mem:            31Gi       4.7Gi        24Gi       146Mi       2.3Gi        25Gi
Swap:          8.0Gi        34Mi       8.0Gi
7157 MiB, 8894 MiB
=== Thu Apr 17 02:50:50 UTC 2025: Memory Status ===
               total        used        free      shared  buff/cache   available
Mem:            31Gi       4.7Gi        24Gi       146Mi       2.3Gi        25Gi
Swap:          8.0Gi        34Mi       8.0Gi
7170 MiB, 8881 MiB
=== Thu Apr 17 02:51:00 UTC 2025: Memory Status ===
               total        used        free      shared  buff/cache   available
Mem:            31Gi       4.7Gi        24Gi       146Mi       2.3Gi        25Gi
Swap:          8.0Gi        34Mi       8.0Gi
7144 MiB, 8907 MiB
=== Thu Apr 17 02:51:10 UTC 2025: Memory Status ===
               total        used        free      shared  buff/cache   available
Mem:            31Gi       4.7Gi        24Gi       146Mi       2.3Gi        25Gi
Swap:          8.0Gi        34Mi       8.0Gi
7173 MiB, 8878 MiB
=== Thu Apr 17 02:51:20 UTC 2025: Memory Status ===
               total        used        free      shared  buff/cache   available
Mem:            31Gi       4.7Gi        24Gi       146Mi       2.3Gi        25Gi
Swap:          8.0Gi        34Mi       8.0Gi
7158 MiB, 8892 MiB
=== Thu Apr 17 02:51:30 UTC 2025: Memory Status ===
               total        used        free      shared  buff/cache   available
Mem:            31Gi       4.7Gi        24Gi       146Mi       2.3Gi        25Gi
Swap:          8.0Gi        34Mi       8.0Gi
7171 MiB, 8880 MiB
=== Thu Apr 17 02:51:40 UTC 2025: Memory Status ===
               total        used        free      shared  buff/cache   available
Mem:            31Gi       4.7Gi        24Gi       146Mi       2.3Gi        25Gi
Swap:          8.0Gi        34Mi       8.0Gi
7155 MiB, 8896 MiB
=== Thu Apr 17 02:51:50 UTC 2025: Memory Status ===
               total        used        free      shared  buff/cache   available
Mem:            31Gi       4.7Gi        24Gi       146Mi       2.3Gi        25Gi
Swap:          8.0Gi        34Mi       8.0Gi
7148 MiB, 8903 MiB
=== Thu Apr 17 02:52:00 UTC 2025: Memory Status ===
               total        used        free      shared  buff/cache   available
Mem:            31Gi       4.7Gi        24Gi       146Mi       2.3Gi        25Gi
Swap:          8.0Gi        34Mi       8.0Gi
7149 MiB, 8902 MiB
=== Thu Apr 17 02:52:10 UTC 2025: Memory Status ===
               total        used        free      shared  buff/cache   available
Mem:            31Gi       4.7Gi        24Gi       146Mi       2.3Gi        25Gi
Swap:          8.0Gi        34Mi       8.0Gi
7166 MiB, 8885 MiB
=== Thu Apr 17 02:52:20 UTC 2025: Memory Status ===
               total        used        free      shared  buff/cache   available
Mem:            31Gi       4.7Gi        24Gi       146Mi       2.3Gi        25Gi
Swap:          8.0Gi        34Mi       8.0Gi
7154 MiB, 8897 MiB
=== Thu Apr 17 02:52:30 UTC 2025: Memory Status ===
               total        used        free      shared  buff/cache   available
Mem:            31Gi       4.7Gi        24Gi       146Mi       2.3Gi        25Gi
Swap:          8.0Gi        34Mi       8.0Gi
7163 MiB, 8888 MiB
=== Thu Apr 17 02:52:41 UTC 2025: Memory Status ===
               total        used        free      shared  buff/cache   available
Mem:            31Gi       4.7Gi        24Gi       146Mi       2.3Gi        25Gi
Swap:          8.0Gi        34Mi       8.0Gi
7151 MiB, 8900 MiB
=== Thu Apr 17 02:52:51 UTC 2025: Memory Status ===
               total        used        free      shared  buff/cache   available
Mem:            31Gi       4.7Gi        24Gi       146Mi       2.3Gi        25Gi
Swap:          8.0Gi        34Mi       8.0Gi
7166 MiB, 8885 MiB
=== Thu Apr 17 02:53:01 UTC 2025: Memory Status ===
               total        used        free      shared  buff/cache   available
Mem:            31Gi       4.7Gi        24Gi       146Mi       2.3Gi        25Gi
Swap:          8.0Gi        34Mi       8.0Gi
7156 MiB, 8895 MiB
=== Thu Apr 17 02:53:11 UTC 2025: Memory Status ===
               total        used        free      shared  buff/cache   available
Mem:            31Gi       4.7Gi        24Gi       146Mi       2.3Gi        25Gi
Swap:          8.0Gi        34Mi       8.0Gi
7146 MiB, 8905 MiB
=== Thu Apr 17 02:53:21 UTC 2025: Memory Status ===
               total        used        free      shared  buff/cache   available
Mem:            31Gi       4.7Gi        24Gi       146Mi       2.3Gi        25Gi
Swap:          8.0Gi        34Mi       8.0Gi
7150 MiB, 8901 MiB
=== Thu Apr 17 02:53:31 UTC 2025: Memory Status ===
               total        used        free      shared  buff/cache   available
Mem:            31Gi       4.7Gi        24Gi       146Mi       2.3Gi        25Gi
Swap:          8.0Gi        34Mi       8.0Gi
7145 MiB, 8906 MiB
=== Thu Apr 17 02:53:41 UTC 2025: Memory Status ===
               total        used        free      shared  buff/cache   available
Mem:            31Gi       4.7Gi        24Gi       146Mi       2.3Gi        25Gi
Swap:          8.0Gi        34Mi       8.0Gi
7146 MiB, 8905 MiB
=== Thu Apr 17 02:53:51 UTC 2025: Memory Status ===
               total        used        free      shared  buff/cache   available
Mem:            31Gi       4.7Gi        24Gi       146Mi       2.3Gi        25Gi
Swap:          8.0Gi        34Mi       8.0Gi
7168 MiB, 8883 MiB
=== Thu Apr 17 02:54:01 UTC 2025: Memory Status ===
               total        used        free      shared  buff/cache   available
Mem:            31Gi       4.7Gi        24Gi       146Mi       2.3Gi        25Gi
Swap:          8.0Gi        34Mi       8.0Gi
7152 MiB, 8899 MiB
=== Thu Apr 17 02:54:11 UTC 2025: Memory Status ===
               total        used        free      shared  buff/cache   available
Mem:            31Gi       4.7Gi        24Gi       146Mi       2.3Gi        25Gi
Swap:          8.0Gi        34Mi       8.0Gi
7161 MiB, 8890 MiB
=== Thu Apr 17 02:54:21 UTC 2025: Memory Status ===
               total        used        free      shared  buff/cache   available
Mem:            31Gi       4.7Gi        24Gi       146Mi       2.3Gi        25Gi
Swap:          8.0Gi        34Mi       8.0Gi
7165 MiB, 8886 MiB
=== Thu Apr 17 02:54:31 UTC 2025: Memory Status ===
               total        used        free      shared  buff/cache   available
Mem:            31Gi       4.7Gi        24Gi       146Mi       2.3Gi        25Gi
Swap:          8.0Gi        34Mi       8.0Gi
7170 MiB, 8881 MiB
=== Thu Apr 17 02:54:41 UTC 2025: Memory Status ===
               total        used        free      shared  buff/cache   available
Mem:            31Gi       4.7Gi        24Gi       146Mi       2.3Gi        25Gi
Swap:          8.0Gi        34Mi       8.0Gi
7152 MiB, 8899 MiB
=== Thu Apr 17 02:54:51 UTC 2025: Memory Status ===
               total        used        free      shared  buff/cache   available
Mem:            31Gi       4.7Gi        24Gi       146Mi       2.3Gi        25Gi
Swap:          8.0Gi        34Mi       8.0Gi
7152 MiB, 8899 MiB
=== Thu Apr 17 02:55:01 UTC 2025: Memory Status ===
               total        used        free      shared  buff/cache   available
Mem:            31Gi       4.7Gi        24Gi       146Mi       2.3Gi        25Gi
Swap:          8.0Gi        34Mi       8.0Gi
7151 MiB, 8900 MiB
=== Thu Apr 17 02:55:11 UTC 2025: Memory Status ===
               total        used        free      shared  buff/cache   available
Mem:            31Gi       4.7Gi        24Gi       146Mi       2.3Gi        25Gi
Swap:          8.0Gi        34Mi       8.0Gi
7138 MiB, 8913 MiB
=== Thu Apr 17 02:55:21 UTC 2025: Memory Status ===
               total        used        free      shared  buff/cache   available
Mem:            31Gi       4.7Gi        24Gi       146Mi       2.3Gi        25Gi
Swap:          8.0Gi        34Mi       8.0Gi
7141 MiB, 8910 MiB
=== Thu Apr 17 02:55:31 UTC 2025: Memory Status ===
               total        used        free      shared  buff/cache   available
Mem:            31Gi       4.7Gi        24Gi       146Mi       2.3Gi        25Gi
Swap:          8.0Gi        34Mi       8.0Gi
7141 MiB, 8910 MiB
=== Thu Apr 17 02:55:41 UTC 2025: Memory Status ===
               total        used        free      shared  buff/cache   available
Mem:            31Gi       4.7Gi        24Gi       146Mi       2.3Gi        25Gi
Swap:          8.0Gi        34Mi       8.0Gi
7141 MiB, 8910 MiB
=== Thu Apr 17 02:55:51 UTC 2025: Memory Status ===
               total        used        free      shared  buff/cache   available
Mem:            31Gi       4.7Gi        24Gi       146Mi       2.3Gi        25Gi
Swap:          8.0Gi        34Mi       8.0Gi
7150 MiB, 8901 MiB
=== Thu Apr 17 02:56:01 UTC 2025: Memory Status ===
               total        used        free      shared  buff/cache   available
Mem:            31Gi       4.7Gi        24Gi       146Mi       2.3Gi        25Gi
Swap:          8.0Gi        34Mi       8.0Gi
7146 MiB, 8905 MiB
=== Thu Apr 17 02:56:11 UTC 2025: Memory Status ===
               total        used        free      shared  buff/cache   available
Mem:            31Gi       4.7Gi        24Gi       146Mi       2.3Gi        25Gi
Swap:          8.0Gi        34Mi       8.0Gi
7150 MiB, 8901 MiB
=== Thu Apr 17 02:56:21 UTC 2025: Memory Status ===
               total        used        free      shared  buff/cache   available
Mem:            31Gi       4.7Gi        24Gi       146Mi       2.3Gi        25Gi
Swap:          8.0Gi        34Mi       8.0Gi
7170 MiB, 8881 MiB
=== Thu Apr 17 02:56:31 UTC 2025: Memory Status ===
               total        used        free      shared  buff/cache   available
Mem:            31Gi       4.7Gi        24Gi       146Mi       2.3Gi        25Gi
Swap:          8.0Gi        34Mi       8.0Gi
7160 MiB, 8891 MiB
=== Thu Apr 17 02:56:41 UTC 2025: Memory Status ===
               total        used        free      shared  buff/cache   available
Mem:            31Gi       4.7Gi        24Gi       146Mi       2.3Gi        25Gi
Swap:          8.0Gi        34Mi       8.0Gi
7157 MiB, 8894 MiB
=== Thu Apr 17 02:56:52 UTC 2025: Memory Status ===
               total        used        free      shared  buff/cache   available
Mem:            31Gi       4.7Gi        24Gi       146Mi       2.3Gi        25Gi
Swap:          8.0Gi        34Mi       8.0Gi
7174 MiB, 8877 MiB
=== Thu Apr 17 02:57:02 UTC 2025: Memory Status ===
               total        used        free      shared  buff/cache   available
Mem:            31Gi       4.7Gi        24Gi       146Mi       2.3Gi        25Gi
Swap:          8.0Gi        34Mi       8.0Gi
7151 MiB, 8900 MiB
=== Thu Apr 17 02:57:12 UTC 2025: Memory Status ===
               total        used        free      shared  buff/cache   available
Mem:            31Gi       4.7Gi        24Gi       146Mi       2.3Gi        25Gi
Swap:          8.0Gi        34Mi       8.0Gi
7148 MiB, 8903 MiB
=== Thu Apr 17 02:57:22 UTC 2025: Memory Status ===
               total        used        free      shared  buff/cache   available
Mem:            31Gi       4.7Gi        24Gi       146Mi       2.3Gi        25Gi
Swap:          8.0Gi        34Mi       8.0Gi
7134 MiB, 8917 MiB
=== Thu Apr 17 02:57:32 UTC 2025: Memory Status ===
               total        used        free      shared  buff/cache   available
Mem:            31Gi       4.7Gi        24Gi       146Mi       2.3Gi        25Gi
Swap:          8.0Gi        34Mi       8.0Gi
7130 MiB, 8921 MiB
=== Thu Apr 17 02:57:42 UTC 2025: Memory Status ===
               total        used        free      shared  buff/cache   available
Mem:            31Gi       4.7Gi        24Gi       146Mi       2.3Gi        25Gi
Swap:          8.0Gi        34Mi       8.0Gi
7132 MiB, 8919 MiB
=== Thu Apr 17 02:57:52 UTC 2025: Memory Status ===
               total        used        free      shared  buff/cache   available
Mem:            31Gi       4.7Gi        24Gi       146Mi       2.3Gi        25Gi
Swap:          8.0Gi        34Mi       8.0Gi
7129 MiB, 8922 MiB
=== Thu Apr 17 02:58:02 UTC 2025: Memory Status ===
               total        used        free      shared  buff/cache   available
Mem:            31Gi       4.7Gi        24Gi       146Mi       2.3Gi        25Gi
Swap:          8.0Gi        34Mi       8.0Gi
7129 MiB, 8922 MiB
=== Thu Apr 17 02:58:12 UTC 2025: Memory Status ===
               total        used        free      shared  buff/cache   available
Mem:            31Gi       4.7Gi        24Gi       146Mi       2.3Gi        25Gi
Swap:          8.0Gi        34Mi       8.0Gi
7129 MiB, 8922 MiB
=== Thu Apr 17 02:58:22 UTC 2025: Memory Status ===
               total        used        free      shared  buff/cache   available
Mem:            31Gi       4.7Gi        24Gi       146Mi       2.3Gi        25Gi
Swap:          8.0Gi        34Mi       8.0Gi
7129 MiB, 8922 MiB
=== Thu Apr 17 02:58:32 UTC 2025: Memory Status ===
               total        used        free      shared  buff/cache   available
Mem:            31Gi       4.7Gi        24Gi       146Mi       2.3Gi        25Gi
Swap:          8.0Gi        34Mi       8.0Gi
7129 MiB, 8922 MiB
=== Thu Apr 17 02:58:42 UTC 2025: Memory Status ===
               total        used        free      shared  buff/cache   available
Mem:            31Gi       4.7Gi        24Gi       146Mi       2.3Gi        25Gi
Swap:          8.0Gi        34Mi       8.0Gi
7136 MiB, 8915 MiB
=== Thu Apr 17 02:58:52 UTC 2025: Memory Status ===
               total        used        free      shared  buff/cache   available
Mem:            31Gi       4.7Gi        24Gi       146Mi       2.3Gi        25Gi
Swap:          8.0Gi        34Mi       8.0Gi
7152 MiB, 8899 MiB
=== Thu Apr 17 02:59:02 UTC 2025: Memory Status ===
               total        used        free      shared  buff/cache   available
Mem:            31Gi       4.7Gi        24Gi       146Mi       2.3Gi        25Gi
Swap:          8.0Gi        34Mi       8.0Gi
7157 MiB, 8894 MiB
=== Thu Apr 17 02:59:12 UTC 2025: Memory Status ===
               total        used        free      shared  buff/cache   available
Mem:            31Gi       4.7Gi        24Gi       146Mi       2.3Gi        25Gi
Swap:          8.0Gi        34Mi       8.0Gi
7156 MiB, 8895 MiB
=== Thu Apr 17 02:59:22 UTC 2025: Memory Status ===
               total        used        free      shared  buff/cache   available
Mem:            31Gi       4.7Gi        24Gi       146Mi       2.3Gi        25Gi
Swap:          8.0Gi        34Mi       8.0Gi
7166 MiB, 8885 MiB
=== Thu Apr 17 02:59:32 UTC 2025: Memory Status ===
               total        used        free      shared  buff/cache   available
Mem:            31Gi       4.7Gi        24Gi       146Mi       2.3Gi        25Gi
Swap:          8.0Gi        34Mi       8.0Gi
7145 MiB, 8906 MiB
=== Thu Apr 17 02:59:42 UTC 2025: Memory Status ===
               total        used        free      shared  buff/cache   available
Mem:            31Gi       4.7Gi        24Gi       146Mi       2.3Gi        25Gi
Swap:          8.0Gi        34Mi       8.0Gi
7138 MiB, 8913 MiB
=== Thu Apr 17 02:59:52 UTC 2025: Memory Status ===
               total        used        free      shared  buff/cache   available
Mem:            31Gi       4.7Gi        24Gi       146Mi       2.3Gi        25Gi
Swap:          8.0Gi        34Mi       8.0Gi
7138 MiB, 8913 MiB
=== Thu Apr 17 03:00:02 UTC 2025: Memory Status ===
               total        used        free      shared  buff/cache   available
Mem:            31Gi       4.7Gi        24Gi       146Mi       2.3Gi        25Gi
Swap:          8.0Gi        34Mi       8.0Gi
7138 MiB, 8913 MiB
=== Thu Apr 17 03:00:12 UTC 2025: Memory Status ===
               total        used        free      shared  buff/cache   available
Mem:            31Gi       4.7Gi        24Gi       146Mi       2.3Gi        25Gi
Swap:          8.0Gi        34Mi       8.0Gi
7139 MiB, 8912 MiB
=== Thu Apr 17 03:00:22 UTC 2025: Memory Status ===
               total        used        free      shared  buff/cache   available
Mem:            31Gi       4.7Gi        24Gi       146Mi       2.3Gi        25Gi
Swap:          8.0Gi        34Mi       8.0Gi
7143 MiB, 8908 MiB
=== Thu Apr 17 03:00:32 UTC 2025: Memory Status ===
               total        used        free      shared  buff/cache   available
Mem:            31Gi       4.7Gi        24Gi       146Mi       2.3Gi        25Gi
Swap:          8.0Gi        34Mi       8.0Gi
7137 MiB, 8914 MiB
=== Thu Apr 17 03:00:42 UTC 2025: Memory Status ===
               total        used        free      shared  buff/cache   available
Mem:            31Gi       4.7Gi        24Gi       146Mi       2.3Gi        25Gi
Swap:          8.0Gi        34Mi       8.0Gi
7133 MiB, 8918 MiB
=== Thu Apr 17 03:00:52 UTC 2025: Memory Status ===
               total        used        free      shared  buff/cache   available
Mem:            31Gi       4.7Gi        24Gi       146Mi       2.3Gi        25Gi
Swap:          8.0Gi        34Mi       8.0Gi
7145 MiB, 8906 MiB
=== Thu Apr 17 03:01:02 UTC 2025: Memory Status ===
               total        used        free      shared  buff/cache   available
Mem:            31Gi       4.7Gi        24Gi       146Mi       2.3Gi        25Gi
Swap:          8.0Gi        34Mi       8.0Gi
7137 MiB, 8914 MiB
=== Thu Apr 17 03:01:13 UTC 2025: Memory Status ===
               total        used        free      shared  buff/cache   available
Mem:            31Gi       4.7Gi        24Gi       146Mi       2.3Gi        25Gi
Swap:          8.0Gi        34Mi       8.0Gi
7139 MiB, 8912 MiB
=== Thu Apr 17 03:01:23 UTC 2025: Memory Status ===
               total        used        free      shared  buff/cache   available
Mem:            31Gi       4.7Gi        24Gi       146Mi       2.3Gi        25Gi
Swap:          8.0Gi        34Mi       8.0Gi
7158 MiB, 8893 MiB
=== Thu Apr 17 03:01:33 UTC 2025: Memory Status ===
               total        used        free      shared  buff/cache   available
Mem:            31Gi       4.7Gi        24Gi       146Mi       2.3Gi        25Gi
Swap:          8.0Gi        34Mi       8.0Gi
7148 MiB, 8903 MiB
=== Thu Apr 17 03:01:43 UTC 2025: Memory Status ===
               total        used        free      shared  buff/cache   available
Mem:            31Gi       4.7Gi        24Gi       146Mi       2.3Gi        25Gi
Swap:          8.0Gi        34Mi       8.0Gi
7143 MiB, 8908 MiB
=== Thu Apr 17 03:01:53 UTC 2025: Memory Status ===
               total        used        free      shared  buff/cache   available
Mem:            31Gi       4.7Gi        24Gi       146Mi       2.3Gi        25Gi
Swap:          8.0Gi        34Mi       8.0Gi
7135 MiB, 8916 MiB
=== Thu Apr 17 03:02:03 UTC 2025: Memory Status ===
               total        used        free      shared  buff/cache   available
Mem:            31Gi       4.7Gi        24Gi       146Mi       2.3Gi        25Gi
Swap:          8.0Gi        34Mi       8.0Gi
7137 MiB, 8914 MiB
=== Thu Apr 17 03:02:13 UTC 2025: Memory Status ===
               total        used        free      shared  buff/cache   available
Mem:            31Gi       4.7Gi        24Gi       146Mi       2.3Gi        25Gi
Swap:          8.0Gi        34Mi       8.0Gi
7136 MiB, 8915 MiB
=== Thu Apr 17 03:02:23 UTC 2025: Memory Status ===
               total        used        free      shared  buff/cache   available
Mem:            31Gi       4.7Gi        24Gi       146Mi       2.3Gi        25Gi
Swap:          8.0Gi        34Mi       8.0Gi
7136 MiB, 8915 MiB
=== Thu Apr 17 03:02:33 UTC 2025: Memory Status ===
               total        used        free      shared  buff/cache   available
Mem:            31Gi       4.7Gi        24Gi       146Mi       2.3Gi        25Gi
Swap:          8.0Gi        34Mi       8.0Gi
7141 MiB, 8910 MiB
=== Thu Apr 17 03:02:43 UTC 2025: Memory Status ===
               total        used        free      shared  buff/cache   available
Mem:            31Gi       4.7Gi        24Gi       146Mi       2.3Gi        25Gi
Swap:          8.0Gi        34Mi       8.0Gi
7144 MiB, 8907 MiB
=== Thu Apr 17 03:02:53 UTC 2025: Memory Status ===
               total        used        free      shared  buff/cache   available
Mem:            31Gi       4.7Gi        24Gi       146Mi       2.3Gi        25Gi
Swap:          8.0Gi        34Mi       8.0Gi
7134 MiB, 8917 MiB
=== Thu Apr 17 03:03:03 UTC 2025: Memory Status ===
               total        used        free      shared  buff/cache   available
Mem:            31Gi       4.7Gi        24Gi       146Mi       2.3Gi        25Gi
Swap:          8.0Gi        34Mi       8.0Gi
7134 MiB, 8917 MiB
=== Thu Apr 17 03:03:13 UTC 2025: Memory Status ===
               total        used        free      shared  buff/cache   available
Mem:            31Gi       4.7Gi        24Gi       146Mi       2.3Gi        25Gi
Swap:          8.0Gi        34Mi       8.0Gi
7134 MiB, 8917 MiB
=== Thu Apr 17 03:03:23 UTC 2025: Memory Status ===
               total        used        free      shared  buff/cache   available
Mem:            31Gi       4.7Gi        24Gi       146Mi       2.3Gi        25Gi
Swap:          8.0Gi        34Mi       8.0Gi
7138 MiB, 8913 MiB
=== Thu Apr 17 03:03:33 UTC 2025: Memory Status ===
               total        used        free      shared  buff/cache   available
Mem:            31Gi       4.7Gi        24Gi       146Mi       2.3Gi        25Gi
Swap:          8.0Gi        34Mi       8.0Gi
7141 MiB, 8910 MiB
=== Thu Apr 17 03:03:43 UTC 2025: Memory Status ===
               total        used        free      shared  buff/cache   available
Mem:            31Gi       4.7Gi        24Gi       146Mi       2.3Gi        25Gi
Swap:          8.0Gi        34Mi       8.0Gi
7141 MiB, 8910 MiB
=== Thu Apr 17 03:03:53 UTC 2025: Memory Status ===
               total        used        free      shared  buff/cache   available
Mem:            31Gi       4.7Gi        24Gi       146Mi       2.3Gi        25Gi
Swap:          8.0Gi        34Mi       8.0Gi
7137 MiB, 8914 MiB
=== Thu Apr 17 03:04:03 UTC 2025: Memory Status ===
               total        used        free      shared  buff/cache   available
Mem:            31Gi       4.7Gi        24Gi       146Mi       2.3Gi        25Gi
Swap:          8.0Gi        34Mi       8.0Gi
7137 MiB, 8914 MiB
=== Thu Apr 17 03:04:13 UTC 2025: Memory Status ===
               total        used        free      shared  buff/cache   available
Mem:            31Gi       4.7Gi        24Gi       146Mi       2.3Gi        25Gi
Swap:          8.0Gi        34Mi       8.0Gi
7137 MiB, 8914 MiB
=== Thu Apr 17 03:04:23 UTC 2025: Memory Status ===
               total        used        free      shared  buff/cache   available
Mem:            31Gi       4.7Gi        24Gi       146Mi       2.3Gi        25Gi
Swap:          8.0Gi        34Mi       8.0Gi
7134 MiB, 8917 MiB
=== Thu Apr 17 03:04:33 UTC 2025: Memory Status ===
               total        used        free      shared  buff/cache   available
Mem:            31Gi       4.7Gi        24Gi       146Mi       2.3Gi        25Gi
Swap:          8.0Gi        34Mi       8.0Gi
7134 MiB, 8917 MiB
=== Thu Apr 17 03:04:43 UTC 2025: Memory Status ===
               total        used        free      shared  buff/cache   available
Mem:            31Gi       4.7Gi        24Gi       146Mi       2.3Gi        25Gi
Swap:          8.0Gi        34Mi       8.0Gi
7134 MiB, 8917 MiB
=== Thu Apr 17 03:04:53 UTC 2025: Memory Status ===
               total        used        free      shared  buff/cache   available
Mem:            31Gi       4.7Gi        24Gi       146Mi       2.3Gi        25Gi
Swap:          8.0Gi        34Mi       8.0Gi
7134 MiB, 8917 MiB
=== Thu Apr 17 03:05:03 UTC 2025: Memory Status ===
               total        used        free      shared  buff/cache   available
Mem:            31Gi       4.7Gi        24Gi       146Mi       2.3Gi        25Gi
Swap:          8.0Gi        34Mi       8.0Gi
7142 MiB, 8909 MiB
=== Thu Apr 17 03:05:13 UTC 2025: Memory Status ===
               total        used        free      shared  buff/cache   available
Mem:            31Gi       4.7Gi        24Gi       146Mi       2.3Gi        25Gi
Swap:          8.0Gi        34Mi       8.0Gi
7134 MiB, 8917 MiB
=== Thu Apr 17 03:05:23 UTC 2025: Memory Status ===
               total        used        free      shared  buff/cache   available
Mem:            31Gi       4.7Gi        24Gi       146Mi       2.3Gi        25Gi
Swap:          8.0Gi        34Mi       8.0Gi
7137 MiB, 8914 MiB
=== Thu Apr 17 03:05:34 UTC 2025: Memory Status ===
               total        used        free      shared  buff/cache   available
Mem:            31Gi       4.7Gi        24Gi       146Mi       2.3Gi        25Gi
Swap:          8.0Gi        34Mi       8.0Gi
7142 MiB, 8909 MiB
=== Thu Apr 17 03:05:44 UTC 2025: Memory Status ===
               total        used        free      shared  buff/cache   available
Mem:            31Gi       4.7Gi        24Gi       146Mi       2.3Gi        25Gi
Swap:          8.0Gi        34Mi       8.0Gi
7141 MiB, 8910 MiB
=== Thu Apr 17 03:05:54 UTC 2025: Memory Status ===
               total        used        free      shared  buff/cache   available
Mem:            31Gi       4.7Gi        24Gi       146Mi       2.3Gi        25Gi
Swap:          8.0Gi        34Mi       8.0Gi
7190 MiB, 8861 MiB
=== Thu Apr 17 03:06:04 UTC 2025: Memory Status ===
               total        used        free      shared  buff/cache   available
Mem:            31Gi       4.7Gi        24Gi       146Mi       2.3Gi        25Gi
Swap:          8.0Gi        34Mi       8.0Gi
7179 MiB, 8872 MiB
=== Thu Apr 17 03:06:14 UTC 2025: Memory Status ===
               total        used        free      shared  buff/cache   available
Mem:            31Gi       4.7Gi        24Gi       146Mi       2.3Gi        25Gi
Swap:          8.0Gi        34Mi       8.0Gi
7158 MiB, 8893 MiB
=== Thu Apr 17 03:06:24 UTC 2025: Memory Status ===
               total        used        free      shared  buff/cache   available
Mem:            31Gi       4.7Gi        24Gi       146Mi       2.3Gi        25Gi
Swap:          8.0Gi        34Mi       8.0Gi
7168 MiB, 8883 MiB
=== Thu Apr 17 03:06:34 UTC 2025: Memory Status ===
               total        used        free      shared  buff/cache   available
Mem:            31Gi       4.7Gi        24Gi       146Mi       2.3Gi        25Gi
Swap:          8.0Gi        34Mi       8.0Gi
7165 MiB, 8886 MiB
=== Thu Apr 17 03:06:44 UTC 2025: Memory Status ===
               total        used        free      shared  buff/cache   available
Mem:            31Gi       4.7Gi        24Gi       146Mi       2.3Gi        25Gi
Swap:          8.0Gi        34Mi       8.0Gi
7165 MiB, 8886 MiB
=== Thu Apr 17 03:06:54 UTC 2025: Memory Status ===
               total        used        free      shared  buff/cache   available
Mem:            31Gi       4.7Gi        24Gi       146Mi       2.3Gi        25Gi
Swap:          8.0Gi        34Mi       8.0Gi
7157 MiB, 8894 MiB
=== Thu Apr 17 03:07:04 UTC 2025: Memory Status ===
               total        used        free      shared  buff/cache   available
Mem:            31Gi       4.7Gi        24Gi       146Mi       2.3Gi        25Gi
Swap:          8.0Gi        34Mi       8.0Gi
7156 MiB, 8895 MiB
=== Thu Apr 17 03:07:14 UTC 2025: Memory Status ===
               total        used        free      shared  buff/cache   available
Mem:            31Gi       4.7Gi        24Gi       146Mi       2.3Gi        25Gi
Swap:          8.0Gi        34Mi       8.0Gi
7148 MiB, 8903 MiB
=== Thu Apr 17 03:07:24 UTC 2025: Memory Status ===
               total        used        free      shared  buff/cache   available
Mem:            31Gi       4.7Gi        24Gi       146Mi       2.3Gi        25Gi
Swap:          8.0Gi        34Mi       8.0Gi
7148 MiB, 8903 MiB
=== Thu Apr 17 03:07:34 UTC 2025: Memory Status ===
               total        used        free      shared  buff/cache   available
Mem:            31Gi       4.7Gi        24Gi       146Mi       2.3Gi        25Gi
Swap:          8.0Gi        34Mi       8.0Gi
7148 MiB, 8903 MiB
=== Thu Apr 17 03:07:44 UTC 2025: Memory Status ===
               total        used        free      shared  buff/cache   available
Mem:            31Gi       4.7Gi        24Gi       146Mi       2.3Gi        25Gi
Swap:          8.0Gi        34Mi       8.0Gi
7148 MiB, 8903 MiB
=== Thu Apr 17 03:07:54 UTC 2025: Memory Status ===
               total        used        free      shared  buff/cache   available
Mem:            31Gi       4.7Gi        24Gi       146Mi       2.3Gi        25Gi
Swap:          8.0Gi        34Mi       8.0Gi
7151 MiB, 8900 MiB
=== Thu Apr 17 03:08:04 UTC 2025: Memory Status ===
               total        used        free      shared  buff/cache   available
Mem:            31Gi       4.7Gi        24Gi       146Mi       2.3Gi        25Gi
Swap:          8.0Gi        34Mi       8.0Gi
7151 MiB, 8900 MiB
=== Thu Apr 17 03:08:14 UTC 2025: Memory Status ===
               total        used        free      shared  buff/cache   available
Mem:            31Gi       4.7Gi        24Gi       146Mi       2.3Gi        25Gi
Swap:          8.0Gi        34Mi       8.0Gi
7155 MiB, 8896 MiB
=== Thu Apr 17 03:08:24 UTC 2025: Memory Status ===
               total        used        free      shared  buff/cache   available
Mem:            31Gi       4.7Gi        24Gi       146Mi       2.3Gi        25Gi
Swap:          8.0Gi        34Mi       8.0Gi
7152 MiB, 8899 MiB
=== Thu Apr 17 03:08:34 UTC 2025: Memory Status ===
               total        used        free      shared  buff/cache   available
Mem:            31Gi       4.7Gi        24Gi       146Mi       2.3Gi        25Gi
Swap:          8.0Gi        34Mi       8.0Gi
7144 MiB, 8907 MiB
=== Thu Apr 17 03:08:44 UTC 2025: Memory Status ===
               total        used        free      shared  buff/cache   available
Mem:            31Gi       4.7Gi        24Gi       146Mi       2.3Gi        25Gi
Swap:          8.0Gi        34Mi       8.0Gi
7150 MiB, 8901 MiB
=== Thu Apr 17 03:08:54 UTC 2025: Memory Status ===
               total        used        free      shared  buff/cache   available
Mem:            31Gi       4.7Gi        24Gi       146Mi       2.3Gi        25Gi
Swap:          8.0Gi        34Mi       8.0Gi
7155 MiB, 8896 MiB
=== Thu Apr 17 03:09:04 UTC 2025: Memory Status ===
               total        used        free      shared  buff/cache   available
Mem:            31Gi       4.7Gi        24Gi       146Mi       2.3Gi        25Gi
Swap:          8.0Gi        34Mi       8.0Gi
7153 MiB, 8898 MiB
=== Thu Apr 17 03:09:14 UTC 2025: Memory Status ===
               total        used        free      shared  buff/cache   available
Mem:            31Gi       4.7Gi        24Gi       146Mi       2.3Gi        25Gi
Swap:          8.0Gi        34Mi       8.0Gi
7156 MiB, 8895 MiB
=== Thu Apr 17 03:09:24 UTC 2025: Memory Status ===
               total        used        free      shared  buff/cache   available
Mem:            31Gi       4.7Gi        24Gi       146Mi       2.3Gi        25Gi
Swap:          8.0Gi        34Mi       8.0Gi
7166 MiB, 8885 MiB
=== Thu Apr 17 03:09:34 UTC 2025: Memory Status ===
               total        used        free      shared  buff/cache   available
Mem:            31Gi       4.7Gi        24Gi       146Mi       2.3Gi        25Gi
Swap:          8.0Gi        34Mi       8.0Gi
7144 MiB, 8907 MiB
=== Thu Apr 17 03:09:45 UTC 2025: Memory Status ===
               total        used        free      shared  buff/cache   available
Mem:            31Gi       4.7Gi        24Gi       146Mi       2.3Gi        25Gi
Swap:          8.0Gi        34Mi       8.0Gi
7149 MiB, 8902 MiB
=== Thu Apr 17 03:09:55 UTC 2025: Memory Status ===
               total        used        free      shared  buff/cache   available
Mem:            31Gi       4.7Gi        24Gi       146Mi       2.3Gi        25Gi
Swap:          8.0Gi        34Mi       8.0Gi
7143 MiB, 8908 MiB
=== Thu Apr 17 03:10:05 UTC 2025: Memory Status ===
               total        used        free      shared  buff/cache   available
Mem:            31Gi       4.7Gi        24Gi       146Mi       2.3Gi        25Gi
Swap:          8.0Gi        34Mi       8.0Gi
7153 MiB, 8898 MiB
=== Thu Apr 17 03:10:15 UTC 2025: Memory Status ===
               total        used        free      shared  buff/cache   available
Mem:            31Gi       4.7Gi        24Gi       146Mi       2.3Gi        25Gi
Swap:          8.0Gi        34Mi       8.0Gi
7162 MiB, 8889 MiB
=== Thu Apr 17 03:10:25 UTC 2025: Memory Status ===
               total        used        free      shared  buff/cache   available
Mem:            31Gi       4.7Gi        24Gi       146Mi       2.3Gi        25Gi
Swap:          8.0Gi        34Mi       8.0Gi
7149 MiB, 8902 MiB
=== Thu Apr 17 03:10:35 UTC 2025: Memory Status ===
               total        used        free      shared  buff/cache   available
Mem:            31Gi       4.7Gi        24Gi       146Mi       2.3Gi        25Gi
Swap:          8.0Gi        34Mi       8.0Gi
7159 MiB, 8892 MiB
=== Thu Apr 17 03:10:45 UTC 2025: Memory Status ===
               total        used        free      shared  buff/cache   available
Mem:            31Gi       4.7Gi        24Gi       146Mi       2.3Gi        25Gi
Swap:          8.0Gi        34Mi       8.0Gi
7163 MiB, 8888 MiB
=== Thu Apr 17 03:10:55 UTC 2025: Memory Status ===
               total        used        free      shared  buff/cache   available
Mem:            31Gi       4.7Gi        24Gi       146Mi       2.3Gi        25Gi
Swap:          8.0Gi        34Mi       8.0Gi
7144 MiB, 8907 MiB
=== Thu Apr 17 03:11:05 UTC 2025: Memory Status ===
               total        used        free      shared  buff/cache   available
Mem:            31Gi       4.7Gi        24Gi       146Mi       2.3Gi        25Gi
Swap:          8.0Gi        34Mi       8.0Gi
7163 MiB, 8888 MiB
=== Thu Apr 17 03:11:15 UTC 2025: Memory Status ===
               total        used        free      shared  buff/cache   available
Mem:            31Gi       4.7Gi        24Gi       146Mi       2.3Gi        25Gi
Swap:          8.0Gi        34Mi       8.0Gi
7151 MiB, 8900 MiB
=== Thu Apr 17 03:11:25 UTC 2025: Memory Status ===
               total        used        free      shared  buff/cache   available
Mem:            31Gi       4.7Gi        24Gi       146Mi       2.3Gi        25Gi
Swap:          8.0Gi        34Mi       8.0Gi
7155 MiB, 8896 MiB
=== Thu Apr 17 03:11:35 UTC 2025: Memory Status ===
               total        used        free      shared  buff/cache   available
Mem:            31Gi       4.7Gi        24Gi       146Mi       2.3Gi        25Gi
Swap:          8.0Gi        34Mi       8.0Gi
7147 MiB, 8904 MiB
=== Thu Apr 17 03:11:45 UTC 2025: Memory Status ===
               total        used        free      shared  buff/cache   available
Mem:            31Gi       4.7Gi        24Gi       146Mi       2.3Gi        25Gi
Swap:          8.0Gi        34Mi       8.0Gi
7151 MiB, 8900 MiB
=== Thu Apr 17 03:11:55 UTC 2025: Memory Status ===
               total        used        free      shared  buff/cache   available
Mem:            31Gi       4.7Gi        24Gi       146Mi       2.3Gi        25Gi
Swap:          8.0Gi        34Mi       8.0Gi
7143 MiB, 8908 MiB
=== Thu Apr 17 03:12:05 UTC 2025: Memory Status ===
               total        used        free      shared  buff/cache   available
Mem:            31Gi       4.7Gi        24Gi       146Mi       2.3Gi        25Gi
Swap:          8.0Gi        34Mi       8.0Gi
7143 MiB, 8908 MiB
=== Thu Apr 17 03:12:15 UTC 2025: Memory Status ===
               total        used        free      shared  buff/cache   available
Mem:            31Gi       4.7Gi        24Gi       146Mi       2.3Gi        25Gi
Swap:          8.0Gi        34Mi       8.0Gi
7138 MiB, 8913 MiB
=== Thu Apr 17 03:12:25 UTC 2025: Memory Status ===
               total        used        free      shared  buff/cache   available
Mem:            31Gi       4.7Gi        24Gi       146Mi       2.3Gi        25Gi
Swap:          8.0Gi        34Mi       8.0Gi
7137 MiB, 8914 MiB
=== Thu Apr 17 03:12:35 UTC 2025: Memory Status ===
               total        used        free      shared  buff/cache   available
Mem:            31Gi       4.7Gi        24Gi       146Mi       2.3Gi        25Gi
Swap:          8.0Gi        34Mi       8.0Gi
7143 MiB, 8908 MiB
=== Thu Apr 17 03:12:45 UTC 2025: Memory Status ===
               total        used        free      shared  buff/cache   available
Mem:            31Gi       4.7Gi        24Gi       146Mi       2.3Gi        25Gi
Swap:          8.0Gi        34Mi       8.0Gi
7137 MiB, 8914 MiB
=== Thu Apr 17 03:12:55 UTC 2025: Memory Status ===
               total        used        free      shared  buff/cache   available
Mem:            31Gi       4.7Gi        24Gi       146Mi       2.3Gi        25Gi
Swap:          8.0Gi        34Mi       8.0Gi
7137 MiB, 8914 MiB
=== Thu Apr 17 03:13:05 UTC 2025: Memory Status ===
               total        used        free      shared  buff/cache   available
Mem:            31Gi       4.7Gi        24Gi       146Mi       2.3Gi        25Gi
Swap:          8.0Gi        34Mi       8.0Gi
7137 MiB, 8914 MiB
=== Thu Apr 17 03:13:15 UTC 2025: Memory Status ===
               total        used        free      shared  buff/cache   available
Mem:            31Gi       4.7Gi        24Gi       146Mi       2.3Gi        25Gi
Swap:          8.0Gi        34Mi       8.0Gi
7135 MiB, 8916 MiB
=== Thu Apr 17 03:13:25 UTC 2025: Memory Status ===
               total        used        free      shared  buff/cache   available
Mem:            31Gi       4.7Gi        24Gi       146Mi       2.3Gi        25Gi
Swap:          8.0Gi        34Mi       8.0Gi
7135 MiB, 8916 MiB
=== Thu Apr 17 03:13:35 UTC 2025: Memory Status ===
               total        used        free      shared  buff/cache   available
Mem:            31Gi       4.7Gi        24Gi       146Mi       2.3Gi        25Gi
Swap:          8.0Gi        34Mi       8.0Gi
7135 MiB, 8916 MiB
=== Thu Apr 17 03:13:45 UTC 2025: Memory Status ===
               total        used        free      shared  buff/cache   available
